[0.017s] Invoking command in '/home/bmarkiv/CPPMILITARY/homework_13/robot_ws/build/antidrone_turret': CMAKE_PREFIX_PATH=${CMAKE_PREFIX_PATH}:/opt/ros/jazzy DEBUGINFOD_URLS=https://debuginfod.ubuntu.com /usr/bin/cmake --build /home/bmarkiv/CPPMILITARY/homework_13/robot_ws/build/antidrone_turret -- -j16 -l16
[0.142s] -- Found ament_cmake_auto: 2.5.6 (/opt/ros/jazzy/share/ament_cmake_auto/cmake)
[0.303s] -- Override CMake install command with custom implementation using symlinks instead of copying resources
[0.452s] -- Using all available rosidl_typesupport_c: rosidl_typesupport_fastrtps_c;rosidl_typesupport_introspection_c
[0.520s] -- Using all available rosidl_typesupport_cpp: rosidl_typesupport_fastrtps_cpp;rosidl_typesupport_introspection_cpp
[0.559s] -- Found rosidl_adapter: 4.6.9 (/opt/ros/jazzy/share/rosidl_adapter/cmake)
[0.656s] -- Found rmw_implementation_cmake: 7.3.3 (/opt/ros/jazzy/share/rmw_implementation_cmake/cmake)
[0.659s] -- Found rmw_cyclonedds_cpp: 2.2.3 (/opt/ros/jazzy/share/rmw_cyclonedds_cpp/cmake)
[0.700s] -- Using RMW implementation 'rmw_cyclonedds_cpp' as default
[1.021s] -- Found ament_cmake_ros: 0.12.1 (/opt/ros/jazzy/share/ament_cmake_ros/cmake)
[1.132s] -- Using all available rosidl_typesupport_c: rosidl_typesupport_fastrtps_c;rosidl_typesupport_introspection_c
[1.284s] -- Using all available rosidl_typesupport_cpp: rosidl_typesupport_fastrtps_cpp;rosidl_typesupport_introspection_cpp
[1.286s] -- Found python_cmake_module: 0.11.1 (/opt/ros/jazzy/share/python_cmake_module/cmake)
[1.799s] -- Found Python3: /usr/bin/python3 (found version "3.12.3") found components: Interpreter Development NumPy Development.Module Development.Embed 
[1.858s] -- Found Python3: /usr/bin/python3 (found version "3.12.3") found components: Interpreter 
[1.866s] -- Found gtest sources under '/opt/ros/jazzy/src/gtest_vendor': C++ tests using 'Google Test' will be built
[1.910s] -- Configuring done (1.8s)
[1.922s] [31mCMake Error at /opt/ros/jazzy/share/ament_cmake_auto/cmake/ament_auto_add_executable.cmake:66 (add_executable):
[1.923s]   Cannot find source file:
[1.923s] 
[1.923s]     src/turret_controller_node.cpp
[1.923s] Call Stack (most recent call first):
[1.923s]   CMakeLists.txt:27 (ament_auto_add_executable)
[1.924s] 
[1.924s] [0m
[1.932s] [31mCMake Error at /opt/ros/jazzy/share/ament_cmake_auto/cmake/ament_auto_add_executable.cmake:66 (add_executable):
[1.932s]   No SOURCES given to target: turret_controller_node
[1.932s] Call Stack (most recent call first):
[1.932s]   CMakeLists.txt:27 (ament_auto_add_executable)
[1.933s] 
[1.933s] [0m
[1.933s] [0mCMake Generate step failed.  Build files cannot be regenerated correctly.[0m
[1.944s] gmake: *** [Makefile:2371: cmake_check_build_system] Error 1
[1.948s] Invoked command in '/home/bmarkiv/CPPMILITARY/homework_13/robot_ws/build/antidrone_turret' returned '2': CMAKE_PREFIX_PATH=${CMAKE_PREFIX_PATH}:/opt/ros/jazzy DEBUGINFOD_URLS=https://debuginfod.ubuntu.com /usr/bin/cmake --build /home/bmarkiv/CPPMILITARY/homework_13/robot_ws/build/antidrone_turret -- -j16 -l16
