[0.132s] DEBUG:colcon:Command line arguments: ['/usr/bin/colcon', 'build', '--symlink-install', '--packages-select', 'antidrone_turret']
[0.133s] DEBUG:colcon:Parsed command line arguments: Namespace(log_base=None, log_level=None, verb_name='build', build_base='build', install_base='install', merge_install=False, symlink_install=True, test_result_base=None, continue_on_error=False, executor='parallel', parallel_workers=16, event_handlers=None, ignore_user_meta=False, metas=['./colcon.meta'], base_paths=['.'], packages_ignore=None, packages_ignore_regex=None, paths=None, packages_up_to=None, packages_up_to_regex=None, packages_above=None, packages_above_and_dependencies=None, packages_above_depth=None, packages_select_by_dep=None, packages_skip_by_dep=None, packages_skip_up_to=None, packages_select_build_failed=False, packages_skip_build_finished=False, packages_select_test_failures=False, packages_skip_test_passed=False, packages_select=['antidrone_turret'], packages_skip=None, packages_select_regex=None, packages_skip_regex=None, packages_start=None, packages_end=None, cmake_args=None, cmake_target=None, cmake_target_skip_unavailable=False, cmake_clean_cache=False, cmake_clean_first=False, cmake_force_configure=False, ament_cmake_args=None, catkin_cmake_args=None, catkin_skip_building_tests=False, mixin_files=None, mixin=None, verb_parser=<colcon_mixin.mixin.mixin_argument.MixinArgumentDecorator object at 0x7fd97f9f8bf0>, verb_extension=<colcon_core.verb.build.BuildVerb object at 0x7fd97fb44b30>, main=<bound method BuildVerb.main of <colcon_core.verb.build.BuildVerb object at 0x7fd97fb44b30>>, mixin_verb=('build',))
[0.183s] Level 1:colcon.colcon_core.package_discovery:discover_packages(colcon_meta) check parameters
[0.183s] Level 1:colcon.colcon_core.package_discovery:discover_packages(recursive) check parameters
[0.184s] Level 1:colcon.colcon_core.package_discovery:discover_packages(ignore) check parameters
[0.184s] Level 1:colcon.colcon_core.package_discovery:discover_packages(path) check parameters
[0.184s] Level 1:colcon.colcon_core.package_discovery:discover_packages(colcon_meta) discover
[0.184s] Level 1:colcon.colcon_core.package_discovery:discover_packages(recursive) discover
[0.184s] INFO:colcon.colcon_core.package_discovery:Crawling recursively for packages in '/home/bmarkiv/CPPMILITARY/homework_13/robot_ws'
[0.184s] Level 1:colcon.colcon_core.package_identification:_identify(.) by extensions ['ignore', 'ignore_ament_install']
[0.184s] Level 1:colcon.colcon_core.package_identification:_identify(.) by extension 'ignore'
[0.184s] Level 1:colcon.colcon_core.package_identification:_identify(.) by extension 'ignore_ament_install'
[0.184s] Level 1:colcon.colcon_core.package_identification:_identify(.) by extensions ['colcon_pkg']
[0.184s] Level 1:colcon.colcon_core.package_identification:_identify(.) by extension 'colcon_pkg'
[0.184s] Level 1:colcon.colcon_core.package_identification:_identify(.) by extensions ['colcon_meta']
[0.184s] Level 1:colcon.colcon_core.package_identification:_identify(.) by extension 'colcon_meta'
[0.185s] Level 1:colcon.colcon_core.package_identification:_identify(.) by extensions ['ros']
[0.185s] Level 1:colcon.colcon_core.package_identification:_identify(.) by extension 'ros'
[0.219s] Level 1:colcon.colcon_core.package_identification:_identify(.) by extensions ['cmake', 'python']
[0.220s] Level 1:colcon.colcon_core.package_identification:_identify(.) by extension 'cmake'
[0.220s] Level 1:colcon.colcon_core.package_identification:_identify(.) by extension 'python'
[0.220s] Level 1:colcon.colcon_core.package_identification:_identify(.) by extensions ['python_setup_py']
[0.220s] Level 1:colcon.colcon_core.package_identification:_identify(.) by extension 'python_setup_py'
[0.220s] Level 1:colcon.colcon_core.package_identification:_identify(build) by extensions ['ignore', 'ignore_ament_install']
[0.220s] Level 1:colcon.colcon_core.package_identification:_identify(build) by extension 'ignore'
[0.220s] Level 1:colcon.colcon_core.package_identification:_identify(build) ignored
[0.220s] Level 1:colcon.colcon_core.package_identification:_identify(install) by extensions ['ignore', 'ignore_ament_install']
[0.220s] Level 1:colcon.colcon_core.package_identification:_identify(install) by extension 'ignore'
[0.220s] Level 1:colcon.colcon_core.package_identification:_identify(install) ignored
[0.221s] Level 1:colcon.colcon_core.package_identification:_identify(log) by extensions ['ignore', 'ignore_ament_install']
[0.221s] Level 1:colcon.colcon_core.package_identification:_identify(log) by extension 'ignore'
[0.221s] Level 1:colcon.colcon_core.package_identification:_identify(log) ignored
[0.221s] Level 1:colcon.colcon_core.package_identification:_identify(src) by extensions ['ignore', 'ignore_ament_install']
[0.221s] Level 1:colcon.colcon_core.package_identification:_identify(src) by extension 'ignore'
[0.221s] Level 1:colcon.colcon_core.package_identification:_identify(src) by extension 'ignore_ament_install'
[0.221s] Level 1:colcon.colcon_core.package_identification:_identify(src) by extensions ['colcon_pkg']
[0.221s] Level 1:colcon.colcon_core.package_identification:_identify(src) by extension 'colcon_pkg'
[0.221s] Level 1:colcon.colcon_core.package_identification:_identify(src) by extensions ['colcon_meta']
[0.221s] Level 1:colcon.colcon_core.package_identification:_identify(src) by extension 'colcon_meta'
[0.221s] Level 1:colcon.colcon_core.package_identification:_identify(src) by extensions ['ros']
[0.221s] Level 1:colcon.colcon_core.package_identification:_identify(src) by extension 'ros'
[0.221s] Level 1:colcon.colcon_core.package_identification:_identify(src) by extensions ['cmake', 'python']
[0.221s] Level 1:colcon.colcon_core.package_identification:_identify(src) by extension 'cmake'
[0.222s] Level 1:colcon.colcon_core.package_identification:_identify(src) by extension 'python'
[0.222s] Level 1:colcon.colcon_core.package_identification:_identify(src) by extensions ['python_setup_py']
[0.222s] Level 1:colcon.colcon_core.package_identification:_identify(src) by extension 'python_setup_py'
[0.222s] Level 1:colcon.colcon_core.package_identification:_identify(src/antidrone_turret) by extensions ['ignore', 'ignore_ament_install']
[0.222s] Level 1:colcon.colcon_core.package_identification:_identify(src/antidrone_turret) by extension 'ignore'
[0.222s] Level 1:colcon.colcon_core.package_identification:_identify(src/antidrone_turret) by extension 'ignore_ament_install'
[0.222s] Level 1:colcon.colcon_core.package_identification:_identify(src/antidrone_turret) by extensions ['colcon_pkg']
[0.222s] Level 1:colcon.colcon_core.package_identification:_identify(src/antidrone_turret) by extension 'colcon_pkg'
[0.222s] Level 1:colcon.colcon_core.package_identification:_identify(src/antidrone_turret) by extensions ['colcon_meta']
[0.222s] Level 1:colcon.colcon_core.package_identification:_identify(src/antidrone_turret) by extension 'colcon_meta'
[0.222s] Level 1:colcon.colcon_core.package_identification:_identify(src/antidrone_turret) by extensions ['ros']
[0.222s] Level 1:colcon.colcon_core.package_identification:_identify(src/antidrone_turret) by extension 'ros'
[0.225s] DEBUG:colcon.colcon_core.package_identification:Package 'src/antidrone_turret' with type 'ros.ament_cmake' and name 'antidrone_turret'
[0.226s] Level 1:colcon.colcon_core.package_discovery:discover_packages(recursive) using defaults
[0.226s] Level 1:colcon.colcon_core.package_discovery:discover_packages(ignore) discover
[0.226s] Level 1:colcon.colcon_core.package_discovery:discover_packages(ignore) using defaults
[0.226s] Level 1:colcon.colcon_core.package_discovery:discover_packages(path) discover
[0.226s] Level 1:colcon.colcon_core.package_discovery:discover_packages(path) using defaults
[0.247s] Level 5:colcon.colcon_core.verb:set package 'antidrone_turret' build argument 'cmake_args' from command line to 'None'
[0.248s] Level 5:colcon.colcon_core.verb:set package 'antidrone_turret' build argument 'cmake_target' from command line to 'None'
[0.248s] Level 5:colcon.colcon_core.verb:set package 'antidrone_turret' build argument 'cmake_target_skip_unavailable' from command line to 'False'
[0.248s] Level 5:colcon.colcon_core.verb:set package 'antidrone_turret' build argument 'cmake_clean_cache' from command line to 'False'
[0.248s] Level 5:colcon.colcon_core.verb:set package 'antidrone_turret' build argument 'cmake_clean_first' from command line to 'False'
[0.248s] Level 5:colcon.colcon_core.verb:set package 'antidrone_turret' build argument 'cmake_force_configure' from command line to 'False'
[0.248s] Level 5:colcon.colcon_core.verb:set package 'antidrone_turret' build argument 'ament_cmake_args' from command line to 'None'
[0.248s] Level 5:colcon.colcon_core.verb:set package 'antidrone_turret' build argument 'catkin_cmake_args' from command line to 'None'
[0.248s] Level 5:colcon.colcon_core.verb:set package 'antidrone_turret' build argument 'catkin_skip_building_tests' from command line to 'False'
[0.248s] DEBUG:colcon.colcon_core.verb:Building package 'antidrone_turret' with the following arguments: {'ament_cmake_args': None, 'build_base': '/home/bmarkiv/CPPMILITARY/homework_13/robot_ws/build/antidrone_turret', 'catkin_cmake_args': None, 'catkin_skip_building_tests': False, 'cmake_args': None, 'cmake_clean_cache': False, 'cmake_clean_first': False, 'cmake_force_configure': False, 'cmake_target': None, 'cmake_target_skip_unavailable': False, 'install_base': '/home/bmarkiv/CPPMILITARY/homework_13/robot_ws/install/antidrone_turret', 'merge_install': False, 'path': '/home/bmarkiv/CPPMILITARY/homework_13/robot_ws/src/antidrone_turret', 'symlink_install': True, 'test_result_base': None}
[0.248s] INFO:colcon.colcon_core.executor:Executing jobs using 'parallel' executor
[0.249s] DEBUG:colcon.colcon_parallel_executor.executor.parallel:run_until_complete
[0.250s] INFO:colcon.colcon_ros.task.ament_cmake.build:Building ROS package in '/home/bmarkiv/CPPMILITARY/homework_13/robot_ws/src/antidrone_turret' with build type 'ament_cmake'
[0.250s] INFO:colcon.colcon_cmake.task.cmake.build:Building CMake package in '/home/bmarkiv/CPPMILITARY/homework_13/robot_ws/src/antidrone_turret'
[0.253s] INFO:colcon.colcon_core.plugin_system:Skipping extension 'colcon_core.shell.bat': Not used on non-Windows systems
[0.253s] INFO:colcon.colcon_core.shell:Skip shell extension 'powershell' for command environment: Not usable outside of PowerShell
[0.253s] DEBUG:colcon.colcon_core.shell:Skip shell extension 'dsv' for command environment
[0.268s] DEBUG:colcon.colcon_core.event_handler.log_command:Invoking command in '/home/bmarkiv/CPPMILITARY/homework_13/robot_ws/build/antidrone_turret': CMAKE_PREFIX_PATH=${CMAKE_PREFIX_PATH}:/opt/ros/jazzy DEBUGINFOD_URLS=https://debuginfod.ubuntu.com /usr/bin/cmake --build /home/bmarkiv/CPPMILITARY/homework_13/robot_ws/build/antidrone_turret -- -j16 -l16
[34.990s] DEBUG:colcon.colcon_core.event_handler.log_command:Invoked command in '/home/bmarkiv/CPPMILITARY/homework_13/robot_ws/build/antidrone_turret' returned '0': CMAKE_PREFIX_PATH=${CMAKE_PREFIX_PATH}:/opt/ros/jazzy DEBUGINFOD_URLS=https://debuginfod.ubuntu.com /usr/bin/cmake --build /home/bmarkiv/CPPMILITARY/homework_13/robot_ws/build/antidrone_turret -- -j16 -l16
[35.001s] DEBUG:colcon.colcon_core.event_handler.log_command:Invoking command in '/home/bmarkiv/CPPMILITARY/homework_13/robot_ws/build/antidrone_turret': CMAKE_PREFIX_PATH=${CMAKE_PREFIX_PATH}:/opt/ros/jazzy DEBUGINFOD_URLS=https://debuginfod.ubuntu.com /usr/bin/cmake --install /home/bmarkiv/CPPMILITARY/homework_13/robot_ws/build/antidrone_turret
[35.158s] Level 1:colcon.colcon_core.environment:create_environment_scripts_only(antidrone_turret)
[35.159s] DEBUG:colcon.colcon_core.event_handler.log_command:Invoked command in '/home/bmarkiv/CPPMILITARY/homework_13/robot_ws/build/antidrone_turret' returned '0': CMAKE_PREFIX_PATH=${CMAKE_PREFIX_PATH}:/opt/ros/jazzy DEBUGINFOD_URLS=https://debuginfod.ubuntu.com /usr/bin/cmake --install /home/bmarkiv/CPPMILITARY/homework_13/robot_ws/build/antidrone_turret
[35.162s] Level 1:colcon.colcon_core.environment:checking '/home/bmarkiv/CPPMILITARY/homework_13/robot_ws/install/antidrone_turret' for CMake module files
[35.163s] Level 1:colcon.colcon_core.environment:checking '/home/bmarkiv/CPPMILITARY/homework_13/robot_ws/install/antidrone_turret' for CMake config files
[35.163s] Level 1:colcon.colcon_core.shell:create_environment_hook('antidrone_turret', 'cmake_prefix_path')
[35.163s] INFO:colcon.colcon_core.shell:Creating environment hook '/home/bmarkiv/CPPMILITARY/homework_13/robot_ws/install/antidrone_turret/share/antidrone_turret/hook/cmake_prefix_path.ps1'
[35.164s] INFO:colcon.colcon_core.shell:Creating environment descriptor '/home/bmarkiv/CPPMILITARY/homework_13/robot_ws/install/antidrone_turret/share/antidrone_turret/hook/cmake_prefix_path.dsv'
[35.165s] INFO:colcon.colcon_core.shell:Creating environment hook '/home/bmarkiv/CPPMILITARY/homework_13/robot_ws/install/antidrone_turret/share/antidrone_turret/hook/cmake_prefix_path.sh'
[35.166s] Level 1:colcon.colcon_core.environment:checking '/home/bmarkiv/CPPMILITARY/homework_13/robot_ws/install/antidrone_turret/lib'
[35.166s] Level 1:colcon.colcon_core.shell:create_environment_hook('antidrone_turret', 'ld_library_path_lib')
[35.166s] INFO:colcon.colcon_core.shell:Creating environment hook '/home/bmarkiv/CPPMILITARY/homework_13/robot_ws/install/antidrone_turret/share/antidrone_turret/hook/ld_library_path_lib.ps1'
[35.167s] INFO:colcon.colcon_core.shell:Creating environment descriptor '/home/bmarkiv/CPPMILITARY/homework_13/robot_ws/install/antidrone_turret/share/antidrone_turret/hook/ld_library_path_lib.dsv'
[35.168s] INFO:colcon.colcon_core.shell:Creating environment hook '/home/bmarkiv/CPPMILITARY/homework_13/robot_ws/install/antidrone_turret/share/antidrone_turret/hook/ld_library_path_lib.sh'
[35.168s] Level 1:colcon.colcon_core.environment:checking '/home/bmarkiv/CPPMILITARY/homework_13/robot_ws/install/antidrone_turret/bin'
[35.169s] Level 1:colcon.colcon_core.environment:checking '/home/bmarkiv/CPPMILITARY/homework_13/robot_ws/install/antidrone_turret/lib/pkgconfig/antidrone_turret.pc'
[35.178s] Level 1:colcon.colcon_core.environment:checking '/home/bmarkiv/CPPMILITARY/homework_13/robot_ws/install/antidrone_turret/lib/python3.12/site-packages'
[35.178s] Level 1:colcon.colcon_core.shell:create_environment_hook('antidrone_turret', 'pythonpath')
[35.178s] INFO:colcon.colcon_core.shell:Creating environment hook '/home/bmarkiv/CPPMILITARY/homework_13/robot_ws/install/antidrone_turret/share/antidrone_turret/hook/pythonpath.ps1'
[35.179s] INFO:colcon.colcon_core.shell:Creating environment descriptor '/home/bmarkiv/CPPMILITARY/homework_13/robot_ws/install/antidrone_turret/share/antidrone_turret/hook/pythonpath.dsv'
[35.180s] INFO:colcon.colcon_core.shell:Creating environment hook '/home/bmarkiv/CPPMILITARY/homework_13/robot_ws/install/antidrone_turret/share/antidrone_turret/hook/pythonpath.sh'
[35.181s] Level 1:colcon.colcon_core.environment:checking '/home/bmarkiv/CPPMILITARY/homework_13/robot_ws/install/antidrone_turret/bin'
[35.181s] INFO:colcon.colcon_core.shell:Creating package script '/home/bmarkiv/CPPMILITARY/homework_13/robot_ws/install/antidrone_turret/share/antidrone_turret/package.ps1'
[35.183s] INFO:colcon.colcon_core.shell:Creating package descriptor '/home/bmarkiv/CPPMILITARY/homework_13/robot_ws/install/antidrone_turret/share/antidrone_turret/package.dsv'
[35.184s] INFO:colcon.colcon_core.shell:Creating package script '/home/bmarkiv/CPPMILITARY/homework_13/robot_ws/install/antidrone_turret/share/antidrone_turret/package.sh'
[35.185s] INFO:colcon.colcon_core.shell:Creating package script '/home/bmarkiv/CPPMILITARY/homework_13/robot_ws/install/antidrone_turret/share/antidrone_turret/package.bash'
[35.186s] INFO:colcon.colcon_core.shell:Creating package script '/home/bmarkiv/CPPMILITARY/homework_13/robot_ws/install/antidrone_turret/share/antidrone_turret/package.zsh'
[35.187s] Level 1:colcon.colcon_core.environment:create_file_with_runtime_dependencies(/home/bmarkiv/CPPMILITARY/homework_13/robot_ws/install/antidrone_turret/share/colcon-core/packages/antidrone_turret)
[35.187s] Level 1:colcon.colcon_core.environment:create_environment_scripts_only(antidrone_turret)
[35.188s] Level 1:colcon.colcon_core.environment:checking '/home/bmarkiv/CPPMILITARY/homework_13/robot_ws/install/antidrone_turret' for CMake module files
[35.188s] Level 1:colcon.colcon_core.environment:checking '/home/bmarkiv/CPPMILITARY/homework_13/robot_ws/install/antidrone_turret' for CMake config files
[35.189s] Level 1:colcon.colcon_core.shell:create_environment_hook('antidrone_turret', 'cmake_prefix_path')
[35.189s] INFO:colcon.colcon_core.shell:Creating environment hook '/home/bmarkiv/CPPMILITARY/homework_13/robot_ws/install/antidrone_turret/share/antidrone_turret/hook/cmake_prefix_path.ps1'
[35.190s] INFO:colcon.colcon_core.shell:Creating environment descriptor '/home/bmarkiv/CPPMILITARY/homework_13/robot_ws/install/antidrone_turret/share/antidrone_turret/hook/cmake_prefix_path.dsv'
[35.190s] INFO:colcon.colcon_core.shell:Creating environment hook '/home/bmarkiv/CPPMILITARY/homework_13/robot_ws/install/antidrone_turret/share/antidrone_turret/hook/cmake_prefix_path.sh'
[35.191s] Level 1:colcon.colcon_core.environment:checking '/home/bmarkiv/CPPMILITARY/homework_13/robot_ws/install/antidrone_turret/lib'
[35.191s] Level 1:colcon.colcon_core.shell:create_environment_hook('antidrone_turret', 'ld_library_path_lib')
[35.191s] INFO:colcon.colcon_core.shell:Creating environment hook '/home/bmarkiv/CPPMILITARY/homework_13/robot_ws/install/antidrone_turret/share/antidrone_turret/hook/ld_library_path_lib.ps1'
[35.192s] INFO:colcon.colcon_core.shell:Creating environment descriptor '/home/bmarkiv/CPPMILITARY/homework_13/robot_ws/install/antidrone_turret/share/antidrone_turret/hook/ld_library_path_lib.dsv'
[35.192s] INFO:colcon.colcon_core.shell:Creating environment hook '/home/bmarkiv/CPPMILITARY/homework_13/robot_ws/install/antidrone_turret/share/antidrone_turret/hook/ld_library_path_lib.sh'
[35.193s] Level 1:colcon.colcon_core.environment:checking '/home/bmarkiv/CPPMILITARY/homework_13/robot_ws/install/antidrone_turret/bin'
[35.193s] Level 1:colcon.colcon_core.environment:checking '/home/bmarkiv/CPPMILITARY/homework_13/robot_ws/install/antidrone_turret/lib/pkgconfig/antidrone_turret.pc'
[35.193s] Level 1:colcon.colcon_core.environment:checking '/home/bmarkiv/CPPMILITARY/homework_13/robot_ws/install/antidrone_turret/lib/python3.12/site-packages'
[35.193s] Level 1:colcon.colcon_core.shell:create_environment_hook('antidrone_turret', 'pythonpath')
[35.194s] INFO:colcon.colcon_core.shell:Creating environment hook '/home/bmarkiv/CPPMILITARY/homework_13/robot_ws/install/antidrone_turret/share/antidrone_turret/hook/pythonpath.ps1'
[35.194s] INFO:colcon.colcon_core.shell:Creating environment descriptor '/home/bmarkiv/CPPMILITARY/homework_13/robot_ws/install/antidrone_turret/share/antidrone_turret/hook/pythonpath.dsv'
[35.194s] INFO:colcon.colcon_core.shell:Creating environment hook '/home/bmarkiv/CPPMILITARY/homework_13/robot_ws/install/antidrone_turret/share/antidrone_turret/hook/pythonpath.sh'
[35.195s] Level 1:colcon.colcon_core.environment:checking '/home/bmarkiv/CPPMILITARY/homework_13/robot_ws/install/antidrone_turret/bin'
[35.196s] INFO:colcon.colcon_core.shell:Creating package script '/home/bmarkiv/CPPMILITARY/homework_13/robot_ws/install/antidrone_turret/share/antidrone_turret/package.ps1'
[35.196s] INFO:colcon.colcon_core.shell:Creating package descriptor '/home/bmarkiv/CPPMILITARY/homework_13/robot_ws/install/antidrone_turret/share/antidrone_turret/package.dsv'
[35.197s] INFO:colcon.colcon_core.shell:Creating package script '/home/bmarkiv/CPPMILITARY/homework_13/robot_ws/install/antidrone_turret/share/antidrone_turret/package.sh'
[35.197s] INFO:colcon.colcon_core.shell:Creating package script '/home/bmarkiv/CPPMILITARY/homework_13/robot_ws/install/antidrone_turret/share/antidrone_turret/package.bash'
[35.198s] INFO:colcon.colcon_core.shell:Creating package script '/home/bmarkiv/CPPMILITARY/homework_13/robot_ws/install/antidrone_turret/share/antidrone_turret/package.zsh'
[35.198s] Level 1:colcon.colcon_core.environment:create_file_with_runtime_dependencies(/home/bmarkiv/CPPMILITARY/homework_13/robot_ws/install/antidrone_turret/share/colcon-core/packages/antidrone_turret)
[35.199s] DEBUG:colcon.colcon_parallel_executor.executor.parallel:closing loop
[35.199s] DEBUG:colcon.colcon_parallel_executor.executor.parallel:loop closed
[35.200s] DEBUG:colcon.colcon_parallel_executor.executor.parallel:run_until_complete finished with '0'
[35.200s] DEBUG:colcon.colcon_core.event_reactor:joining thread
[35.208s] INFO:colcon.colcon_core.plugin_system:Skipping extension 'colcon_notification.desktop_notification.notify_send': Could not find 'notify-send'
[35.208s] INFO:colcon.colcon_core.plugin_system:Skipping extension 'colcon_notification.desktop_notification.terminal_notifier': Not used on non-Darwin systems
[35.208s] INFO:colcon.colcon_core.plugin_system:Skipping extension 'colcon_notification.desktop_notification.win32': Not used on non-Windows systems
[35.208s] INFO:colcon.colcon_notification.desktop_notification:Sending desktop notification using 'notify2'
[35.211s] DEBUG:colcon.colcon_notification.desktop_notification.notify2:Failed to initialize notify2: org.freedesktop.DBus.Error.Spawn.ExecFailed: /usr/bin/dbus-launch terminated abnormally without any error message
[35.211s] DEBUG:colcon.colcon_core.event_reactor:joined thread
[35.211s] INFO:colcon.colcon_core.shell:Creating prefix script '/home/bmarkiv/CPPMILITARY/homework_13/robot_ws/install/local_setup.ps1'
[35.212s] INFO:colcon.colcon_core.shell:Creating prefix util module '/home/bmarkiv/CPPMILITARY/homework_13/robot_ws/install/_local_setup_util_ps1.py'
[35.214s] INFO:colcon.colcon_core.shell:Creating prefix chain script '/home/bmarkiv/CPPMILITARY/homework_13/robot_ws/install/setup.ps1'
[35.215s] INFO:colcon.colcon_core.shell:Creating prefix script '/home/bmarkiv/CPPMILITARY/homework_13/robot_ws/install/local_setup.sh'
[35.215s] INFO:colcon.colcon_core.shell:Creating prefix util module '/home/bmarkiv/CPPMILITARY/homework_13/robot_ws/install/_local_setup_util_sh.py'
[35.216s] INFO:colcon.colcon_core.shell:Creating prefix chain script '/home/bmarkiv/CPPMILITARY/homework_13/robot_ws/install/setup.sh'
[35.217s] INFO:colcon.colcon_core.shell:Creating prefix script '/home/bmarkiv/CPPMILITARY/homework_13/robot_ws/install/local_setup.bash'
[35.217s] INFO:colcon.colcon_core.shell:Creating prefix chain script '/home/bmarkiv/CPPMILITARY/homework_13/robot_ws/install/setup.bash'
[35.218s] INFO:colcon.colcon_core.shell:Creating prefix script '/home/bmarkiv/CPPMILITARY/homework_13/robot_ws/install/local_setup.zsh'
[35.218s] INFO:colcon.colcon_core.shell:Creating prefix chain script '/home/bmarkiv/CPPMILITARY/homework_13/robot_ws/install/setup.zsh'
