[0.013s] Invoking command in '/home/bmarkiv/CPPMILITARY/homework_13/robot_ws/build/antidrone_turret': CMAKE_PREFIX_PATH=${CMAKE_PREFIX_PATH}:/opt/ros/jazzy DEBUGINFOD_URLS=https://debuginfod.ubuntu.com /usr/bin/cmake /home/bmarkiv/CPPMILITARY/homework_13/robot_ws/src/antidrone_turret -DAMENT_CMAKE_SYMLINK_INSTALL=1 -DCMAKE_INSTALL_PREFIX=/home/bmarkiv/CPPMILITARY/homework_13/robot_ws/install/antidrone_turret
[0.200s] -- The C compiler identification is GNU 13.3.0
[0.274s] -- The CXX compiler identification is GNU 13.3.0
[0.297s] -- Detecting C compiler ABI info
[0.457s] -- Detecting C compiler ABI info - done
[0.472s] -- Check for working C compiler: /usr/bin/cc - skipped
[0.472s] -- Detecting C compile features
[0.473s] -- Detecting C compile features - done
[0.482s] -- Detecting CXX compiler ABI info
[0.581s] -- Detecting CXX compiler ABI info - done
[0.590s] -- Check for working CXX compiler: /usr/bin/c++ - skipped
[0.591s] -- Detecting CXX compile features
[0.592s] -- Detecting CXX compile features - done
[0.599s] -- Found ament_cmake_auto: 2.5.6 (/opt/ros/jazzy/share/ament_cmake_auto/cmake)
[0.776s] -- Found Python3: /usr/bin/python3 (found version "3.12.3") found components: Interpreter 
[0.912s] -- Override CMake install command with custom implementation using symlinks instead of copying resources
[1.079s] -- Using all available rosidl_typesupport_c: rosidl_typesupport_fastrtps_c;rosidl_typesupport_introspection_c
[1.135s] -- Using all available rosidl_typesupport_cpp: rosidl_typesupport_fastrtps_cpp;rosidl_typesupport_introspection_cpp
[1.193s] -- Found rosidl_adapter: 4.6.9 (/opt/ros/jazzy/share/rosidl_adapter/cmake)
[1.288s] -- Found rmw_implementation_cmake: 7.3.3 (/opt/ros/jazzy/share/rmw_implementation_cmake/cmake)
[1.292s] -- Found rmw_cyclonedds_cpp: 2.2.3 (/opt/ros/jazzy/share/rmw_cyclonedds_cpp/cmake)
[1.319s] -- Using RMW implementation 'rmw_cyclonedds_cpp' as default
[2.004s] -- Found ament_cmake_ros: 0.12.1 (/opt/ros/jazzy/share/ament_cmake_ros/cmake)
[2.479s] -- Using all available rosidl_typesupport_c: rosidl_typesupport_fastrtps_c;rosidl_typesupport_introspection_c
[3.138s] -- Using all available rosidl_typesupport_cpp: rosidl_typesupport_fastrtps_cpp;rosidl_typesupport_introspection_cpp
[3.144s] -- Found python_cmake_module: 0.11.1 (/opt/ros/jazzy/share/python_cmake_module/cmake)
[3.307s] -- Found PythonExtra: /usr/bin/python3  
[3.862s] -- Found Python3: /usr/bin/python3 (found version "3.12.3") found components: Interpreter Development NumPy Development.Module Development.Embed 
[3.947s] -- Found Python3: /usr/bin/python3 (found version "3.12.3") found components: Interpreter 
[3.959s] -- Found gtest sources under '/opt/ros/jazzy/src/gtest_vendor': C++ tests using 'Google Test' will be built
[3.963s] -- Performing Test CMAKE_HAVE_LIBC_PTHREAD
[4.079s] -- Performing Test CMAKE_HAVE_LIBC_PTHREAD - Success
[4.080s] -- Found Threads: TRUE  
[4.101s] -- Configuring done (4.1s)
[4.221s] -- Generating done (0.1s)
[4.247s] -- Build files have been written to: /home/bmarkiv/CPPMILITARY/homework_13/robot_ws/build/antidrone_turret
[4.266s] Invoked command in '/home/bmarkiv/CPPMILITARY/homework_13/robot_ws/build/antidrone_turret' returned '0': CMAKE_PREFIX_PATH=${CMAKE_PREFIX_PATH}:/opt/ros/jazzy DEBUGINFOD_URLS=https://debuginfod.ubuntu.com /usr/bin/cmake /home/bmarkiv/CPPMILITARY/homework_13/robot_ws/src/antidrone_turret -DAMENT_CMAKE_SYMLINK_INSTALL=1 -DCMAKE_INSTALL_PREFIX=/home/bmarkiv/CPPMILITARY/homework_13/robot_ws/install/antidrone_turret
[4.268s] Invoking command in '/home/bmarkiv/CPPMILITARY/homework_13/robot_ws/build/antidrone_turret': CMAKE_PREFIX_PATH=${CMAKE_PREFIX_PATH}:/opt/ros/jazzy DEBUGINFOD_URLS=https://debuginfod.ubuntu.com /usr/bin/cmake --build /home/bmarkiv/CPPMILITARY/homework_13/robot_ws/build/antidrone_turret -- -j16 -l16
[4.317s] [  1%] [34m[1mGenerating Rust code for ROS interfaces[0m
[4.317s] [  2%] [32mBuilding CXX object gtest/CMakeFiles/gtest.dir/src/gtest-all.cc.o[0m
[4.317s] [  3%] [32mBuilding CXX object gtest/CMakeFiles/gtest_main.dir/src/gtest_main.cc.o[0m
[4.318s] [  4%] [34m[1mGenerating type hashes for ROS interfaces[0m
[4.326s] [  4%] Built target ament_cmake_python_symlink_antidrone_turret
[4.629s] running egg_info
[4.630s] creating antidrone_turret.egg-info
[4.654s] writing antidrone_turret.egg-info/PKG-INFO
[4.655s] writing dependency_links to antidrone_turret.egg-info/dependency_links.txt
[4.655s] writing top-level names to antidrone_turret.egg-info/top_level.txt
[4.657s] writing manifest file 'antidrone_turret.egg-info/SOURCES.txt'
[4.710s] reading manifest file 'antidrone_turret.egg-info/SOURCES.txt'
[4.710s] writing manifest file 'antidrone_turret.egg-info/SOURCES.txt'
[4.749s] [  4%] Built target ament_cmake_python_build_antidrone_turret_egg
[4.758s] [  4%] Built target antidrone_turret__rosidl_generator_type_description
[4.768s] [  5%] [34m[1mGenerating C code for ROS interfaces[0m
[4.781s] [  6%] [34m[1mGenerating C++ code for ROS interfaces[0m
[4.797s] [  6%] Built target antidrone_turret__rs
[5.368s] [  6%] Built target antidrone_turret__cpp
[5.484s] [  9%] [32mBuilding C object CMakeFiles/antidrone_turret__rosidl_generator_c.dir/rosidl_generator_c/antidrone_turret/msg/detail/target__type_support.c.o[0m
[5.484s] [  9%] [32mBuilding C object CMakeFiles/antidrone_turret__rosidl_generator_c.dir/rosidl_generator_c/antidrone_turret/msg/detail/actuator_status__description.c.o[0m
[5.484s] [  9%] [32mBuilding C object CMakeFiles/antidrone_turret__rosidl_generator_c.dir/rosidl_generator_c/antidrone_turret/msg/detail/target__functions.c.o[0m
[5.485s] [ 10%] [32mBuilding C object CMakeFiles/antidrone_turret__rosidl_generator_c.dir/rosidl_generator_c/antidrone_turret/msg/detail/target__description.c.o[0m
[5.485s] [ 11%] [32mBuilding C object CMakeFiles/antidrone_turret__rosidl_generator_c.dir/rosidl_generator_c/antidrone_turret/msg/detail/gimbal_command__description.c.o[0m
[5.486s] [ 12%] [32mBuilding C object CMakeFiles/antidrone_turret__rosidl_generator_c.dir/rosidl_generator_c/antidrone_turret/msg/detail/actuator_status__type_support.c.o[0m
[5.486s] [ 14%] [32mBuilding C object CMakeFiles/antidrone_turret__rosidl_generator_c.dir/rosidl_generator_c/antidrone_turret/msg/detail/servo_command__description.c.o[0m
[5.486s] [ 14%] [32mBuilding C object CMakeFiles/antidrone_turret__rosidl_generator_c.dir/rosidl_generator_c/antidrone_turret/msg/detail/actuator_status__functions.c.o[0m
[5.487s] [ 15%] [32mBuilding C object CMakeFiles/antidrone_turret__rosidl_generator_c.dir/rosidl_generator_c/antidrone_turret/msg/detail/gimbal_command__functions.c.o[0m
[5.487s] [ 16%] [32mBuilding C object CMakeFiles/antidrone_turret__rosidl_generator_c.dir/rosidl_generator_c/antidrone_turret/msg/detail/gimbal_command__type_support.c.o[0m
[5.490s] [ 17%] [32mBuilding C object CMakeFiles/antidrone_turret__rosidl_generator_c.dir/rosidl_generator_c/antidrone_turret/msg/detail/servo_command__functions.c.o[0m
[5.495s] [ 18%] [32mBuilding C object CMakeFiles/antidrone_turret__rosidl_generator_c.dir/rosidl_generator_c/antidrone_turret/msg/detail/servo_command__type_support.c.o[0m
[5.500s] [ 19%] [32mBuilding C object CMakeFiles/antidrone_turret__rosidl_generator_c.dir/rosidl_generator_c/antidrone_turret/msg/detail/turret_status__description.c.o[0m
[5.512s] [ 20%] [32mBuilding C object CMakeFiles/antidrone_turret__rosidl_generator_c.dir/rosidl_generator_c/antidrone_turret/msg/detail/turret_status__functions.c.o[0m
[5.541s] [ 21%] [32mBuilding C object CMakeFiles/antidrone_turret__rosidl_generator_c.dir/rosidl_generator_c/antidrone_turret/msg/detail/turret_status__type_support.c.o[0m
[5.555s] [ 23%] [32mBuilding C object CMakeFiles/antidrone_turret__rosidl_generator_c.dir/rosidl_generator_c/antidrone_turret/srv/detail/trigger_actuator__type_support.c.o[0m
[5.556s] [ 23%] [32mBuilding C object CMakeFiles/antidrone_turret__rosidl_generator_c.dir/rosidl_generator_c/antidrone_turret/srv/detail/trigger_actuator__description.c.o[0m
[5.556s] [ 24%] [32mBuilding C object CMakeFiles/antidrone_turret__rosidl_generator_c.dir/rosidl_generator_c/antidrone_turret/srv/detail/trigger_actuator__functions.c.o[0m
[5.635s] [ 25%] [32m[1mLinking C shared library libantidrone_turret__rosidl_generator_c.so[0m
[5.646s] [ 26%] [32m[1mLinking CXX static library libgtest_main.a[0m
[5.676s] [ 26%] Built target antidrone_turret__rosidl_generator_c
[5.686s] [ 27%] [34m[1mGenerating C type support for eProsima Fast-RTPS[0m
[5.687s] [ 28%] [34m[1mGenerating C type support dispatch for ROS interfaces[0m
[5.688s] [ 30%] [34m[1mGenerating C++ type support dispatch for ROS interfaces[0m
[5.688s] [ 30%] [34m[1mGenerating C++ type support for eProsima Fast-RTPS[0m
[5.689s] [ 31%] [34m[1mGenerating C introspection for ROS interfaces[0m
[5.691s] [ 32%] [34m[1mGenerating C++ introspection for ROS interfaces[0m
[5.870s] [ 32%] Built target gtest_main
[6.181s] [ 36%] [32mBuilding CXX object CMakeFiles/antidrone_turret__rosidl_typesupport_cpp.dir/rosidl_typesupport_cpp/antidrone_turret/msg/target__type_support.cpp.o[0m
[6.181s] [ 36%] [32mBuilding CXX object CMakeFiles/antidrone_turret__rosidl_typesupport_cpp.dir/rosidl_typesupport_cpp/antidrone_turret/msg/actuator_status__type_support.cpp.o[0m
[6.181s] [ 36%] [32mBuilding CXX object CMakeFiles/antidrone_turret__rosidl_typesupport_cpp.dir/rosidl_typesupport_cpp/antidrone_turret/srv/trigger_actuator__type_support.cpp.o[0m
[6.182s] [ 37%] [32mBuilding CXX object CMakeFiles/antidrone_turret__rosidl_typesupport_cpp.dir/rosidl_typesupport_cpp/antidrone_turret/msg/gimbal_command__type_support.cpp.o[0m
[6.182s] [ 38%] [32mBuilding CXX object CMakeFiles/antidrone_turret__rosidl_typesupport_cpp.dir/rosidl_typesupport_cpp/antidrone_turret/msg/servo_command__type_support.cpp.o[0m
[6.183s] [ 36%] [32mBuilding CXX object CMakeFiles/antidrone_turret__rosidl_typesupport_cpp.dir/rosidl_typesupport_cpp/antidrone_turret/msg/turret_status__type_support.cpp.o[0m
[6.186s] [ 39%] [32mBuilding CXX object CMakeFiles/antidrone_turret__rosidl_typesupport_c.dir/rosidl_typesupport_c/antidrone_turret/msg/gimbal_command__type_support.cpp.o[0m
[6.188s] [ 40%] [32mBuilding CXX object CMakeFiles/antidrone_turret__rosidl_typesupport_c.dir/rosidl_typesupport_c/antidrone_turret/msg/actuator_status__type_support.cpp.o[0m
[6.188s] [ 40%] [32mBuilding CXX object CMakeFiles/antidrone_turret__rosidl_typesupport_c.dir/rosidl_typesupport_c/antidrone_turret/msg/target__type_support.cpp.o[0m
[6.192s] [ 41%] [32mBuilding CXX object CMakeFiles/antidrone_turret__rosidl_typesupport_c.dir/rosidl_typesupport_c/antidrone_turret/msg/servo_command__type_support.cpp.o[0m
[6.193s] [ 42%] [32mBuilding CXX object CMakeFiles/antidrone_turret__rosidl_typesupport_c.dir/rosidl_typesupport_c/antidrone_turret/msg/turret_status__type_support.cpp.o[0m
[6.268s] [ 43%] [32mBuilding CXX object CMakeFiles/antidrone_turret__rosidl_typesupport_c.dir/rosidl_typesupport_c/antidrone_turret/srv/trigger_actuator__type_support.cpp.o[0m
[6.321s] [ 44%] [32mBuilding CXX object CMakeFiles/antidrone_turret__rosidl_typesupport_introspection_cpp.dir/rosidl_typesupport_introspection_cpp/antidrone_turret/msg/detail/actuator_status__type_support.cpp.o[0m
[6.322s] [ 45%] [32mBuilding CXX object CMakeFiles/antidrone_turret__rosidl_typesupport_introspection_cpp.dir/rosidl_typesupport_introspection_cpp/antidrone_turret/msg/detail/gimbal_command__type_support.cpp.o[0m
[6.322s] [ 46%] [32mBuilding CXX object CMakeFiles/antidrone_turret__rosidl_typesupport_introspection_cpp.dir/rosidl_typesupport_introspection_cpp/antidrone_turret/msg/detail/servo_command__type_support.cpp.o[0m
[6.323s] [ 47%] [32mBuilding CXX object CMakeFiles/antidrone_turret__rosidl_typesupport_introspection_cpp.dir/rosidl_typesupport_introspection_cpp/antidrone_turret/msg/detail/target__type_support.cpp.o[0m
[6.325s] [ 48%] [32mBuilding CXX object CMakeFiles/antidrone_turret__rosidl_typesupport_introspection_cpp.dir/rosidl_typesupport_introspection_cpp/antidrone_turret/msg/detail/turret_status__type_support.cpp.o[0m
[6.336s] [ 49%] [32mBuilding C object CMakeFiles/antidrone_turret__rosidl_typesupport_introspection_c.dir/rosidl_typesupport_introspection_c/antidrone_turret/msg/detail/target__type_support.c.o[0m
[6.344s] [ 50%] [32m[1mLinking CXX shared library libantidrone_turret__rosidl_typesupport_c.so[0m
[6.426s] [ 51%] [32mBuilding C object CMakeFiles/antidrone_turret__rosidl_typesupport_introspection_c.dir/rosidl_typesupport_introspection_c/antidrone_turret/msg/detail/actuator_status__type_support.c.o[0m
[6.459s] [ 51%] Built target antidrone_turret__rosidl_typesupport_c
[6.474s] [ 52%] [32mBuilding C object CMakeFiles/antidrone_turret__rosidl_typesupport_introspection_c.dir/rosidl_typesupport_introspection_c/antidrone_turret/msg/detail/gimbal_command__type_support.c.o[0m
[6.504s] [ 52%] [32mBuilding C object CMakeFiles/antidrone_turret__rosidl_typesupport_introspection_c.dir/rosidl_typesupport_introspection_c/antidrone_turret/msg/detail/servo_command__type_support.c.o[0m
[6.558s] [ 53%] [32mBuilding C object CMakeFiles/antidrone_turret__rosidl_typesupport_introspection_c.dir/rosidl_typesupport_introspection_c/antidrone_turret/msg/detail/turret_status__type_support.c.o[0m
[6.568s] [ 54%] [32mBuilding C object CMakeFiles/antidrone_turret__rosidl_typesupport_introspection_c.dir/rosidl_typesupport_introspection_c/antidrone_turret/srv/detail/trigger_actuator__type_support.c.o[0m
[6.605s] [ 55%] [32mBuilding CXX object CMakeFiles/antidrone_turret__rosidl_typesupport_fastrtps_cpp.dir/rosidl_typesupport_fastrtps_cpp/antidrone_turret/msg/detail/dds_fastrtps/target__type_support.cpp.o[0m
[6.659s] [ 56%] [32mBuilding CXX object CMakeFiles/antidrone_turret__rosidl_typesupport_fastrtps_cpp.dir/rosidl_typesupport_fastrtps_cpp/antidrone_turret/msg/detail/dds_fastrtps/actuator_status__type_support.cpp.o[0m
[6.665s] [ 57%] [32m[1mLinking C shared library libantidrone_turret__rosidl_typesupport_introspection_c.so[0m
[6.681s] [ 58%] [32mBuilding CXX object CMakeFiles/antidrone_turret__rosidl_typesupport_fastrtps_c.dir/rosidl_typesupport_fastrtps_c/antidrone_turret/msg/detail/target__type_support_c.cpp.o[0m
[6.727s] [ 58%] Built target antidrone_turret__rosidl_typesupport_introspection_c
[6.742s] [ 59%] [32mBuilding CXX object CMakeFiles/antidrone_turret__rosidl_typesupport_fastrtps_c.dir/rosidl_typesupport_fastrtps_c/antidrone_turret/msg/detail/actuator_status__type_support_c.cpp.o[0m
[6.815s] [ 60%] [32mBuilding CXX object CMakeFiles/antidrone_turret__rosidl_typesupport_fastrtps_c.dir/rosidl_typesupport_fastrtps_c/antidrone_turret/msg/detail/gimbal_command__type_support_c.cpp.o[0m
[6.829s] [ 61%] [32mBuilding CXX object CMakeFiles/antidrone_turret__rosidl_typesupport_fastrtps_c.dir/rosidl_typesupport_fastrtps_c/antidrone_turret/msg/detail/servo_command__type_support_c.cpp.o[0m
[6.835s] [ 62%] [32mBuilding CXX object CMakeFiles/antidrone_turret__rosidl_typesupport_introspection_cpp.dir/rosidl_typesupport_introspection_cpp/antidrone_turret/srv/detail/trigger_actuator__type_support.cpp.o[0m
[6.836s] [ 63%] [32mBuilding CXX object CMakeFiles/antidrone_turret__rosidl_typesupport_fastrtps_c.dir/rosidl_typesupport_fastrtps_c/antidrone_turret/msg/detail/turret_status__type_support_c.cpp.o[0m
[6.907s] [ 64%] [32mBuilding CXX object CMakeFiles/antidrone_turret__rosidl_typesupport_fastrtps_c.dir/rosidl_typesupport_fastrtps_c/antidrone_turret/srv/detail/trigger_actuator__type_support_c.cpp.o[0m
[6.990s] [ 66%] [32mBuilding CXX object CMakeFiles/antidrone_turret__rosidl_typesupport_fastrtps_cpp.dir/rosidl_typesupport_fastrtps_cpp/antidrone_turret/msg/detail/dds_fastrtps/servo_command__type_support.cpp.o[0m
[6.990s] [ 66%] [32mBuilding CXX object CMakeFiles/antidrone_turret__rosidl_typesupport_fastrtps_cpp.dir/rosidl_typesupport_fastrtps_cpp/antidrone_turret/msg/detail/dds_fastrtps/gimbal_command__type_support.cpp.o[0m
[6.999s] [ 67%] [32m[1mLinking CXX shared library libantidrone_turret__rosidl_typesupport_cpp.so[0m
[7.020s] [ 68%] [32mBuilding CXX object CMakeFiles/antidrone_turret__rosidl_typesupport_fastrtps_cpp.dir/rosidl_typesupport_fastrtps_cpp/antidrone_turret/msg/detail/dds_fastrtps/turret_status__type_support.cpp.o[0m
[7.020s] [ 69%] [32mBuilding CXX object CMakeFiles/antidrone_turret__rosidl_typesupport_fastrtps_cpp.dir/rosidl_typesupport_fastrtps_cpp/antidrone_turret/srv/detail/dds_fastrtps/trigger_actuator__type_support.cpp.o[0m
[7.161s] [ 69%] Built target antidrone_turret__rosidl_typesupport_cpp
[7.201s] [ 69%] [32mBuilding CXX object CMakeFiles/actuator_node.dir/src/actuator_node.cpp.o[0m
[7.213s] [ 70%] [32mBuilding CXX object CMakeFiles/target_track_publisher_node.dir/src/target_track_publisher_node.cpp.o[0m
[7.671s] [ 71%] [32mBuilding CXX object CMakeFiles/turret_controller_node.dir/src/turret_controller_node.cpp.o[0m
[7.688s] [ 72%] [32mBuilding CXX object CMakeFiles/gimbal_driver_node.dir/src/gimbal_driver_node.cpp.o[0m
[7.701s] [ 73%] [32m[1mLinking CXX shared library libantidrone_turret__rosidl_typesupport_introspection_cpp.so[0m
[7.714s] [ 74%] [32mBuilding CXX object CMakeFiles/yaw_servo_driver_node.dir/src/yaw_servo_driver_node.cpp.o[0m
[7.839s] [ 74%] Built target antidrone_turret__rosidl_typesupport_introspection_cpp
[7.891s] [ 75%] [32m[1mLinking CXX shared library libantidrone_turret__rosidl_typesupport_fastrtps_c.so[0m
[7.972s] [ 75%] Built target antidrone_turret__rosidl_typesupport_fastrtps_c
[8.108s] [ 76%] [32m[1mLinking CXX shared library libantidrone_turret__rosidl_typesupport_fastrtps_cpp.so[0m
[8.200s] [ 76%] Built target antidrone_turret__rosidl_typesupport_fastrtps_cpp
[8.224s] [ 76%] Built target antidrone_turret
[8.251s] [ 77%] [34m[1mGenerating Python code for ROS interfaces[0m
[9.289s] [ 77%] Built target antidrone_turret__py
[9.316s] [ 80%] [32mBuilding C object CMakeFiles/antidrone_turret__rosidl_generator_py.dir/rosidl_generator_py/antidrone_turret/msg/_turret_status_s.c.o[0m
[9.317s] [ 80%] [32mBuilding C object CMakeFiles/antidrone_turret__rosidl_generator_py.dir/rosidl_generator_py/antidrone_turret/msg/_actuator_status_s.c.o[0m
[9.317s] [ 81%] [32mBuilding C object CMakeFiles/antidrone_turret__rosidl_generator_py.dir/rosidl_generator_py/antidrone_turret/msg/_target_s.c.o[0m
[9.318s] [ 81%] [32mBuilding C object CMakeFiles/antidrone_turret__rosidl_generator_py.dir/rosidl_generator_py/antidrone_turret/msg/_servo_command_s.c.o[0m
[9.318s] [ 82%] [32mBuilding C object CMakeFiles/antidrone_turret__rosidl_generator_py.dir/rosidl_generator_py/antidrone_turret/msg/_gimbal_command_s.c.o[0m
[9.319s] [ 83%] [32mBuilding C object CMakeFiles/antidrone_turret__rosidl_generator_py.dir/rosidl_generator_py/antidrone_turret/srv/_trigger_actuator_s.c.o[0m
[9.616s] [ 84%] [32m[1mLinking C shared library libantidrone_turret__rosidl_generator_py.so[0m
[9.668s] [ 84%] Built target antidrone_turret__rosidl_generator_py
[9.694s] [ 87%] [32mBuilding C object CMakeFiles/antidrone_turret_s__rosidl_typesupport_fastrtps_c.dir/rosidl_generator_py/antidrone_turret/_antidrone_turret_s.ep.rosidl_typesupport_fastrtps_c.c.o[0m
[9.694s] [ 87%] [32mBuilding C object CMakeFiles/antidrone_turret_s__rosidl_typesupport_introspection_c.dir/rosidl_generator_py/antidrone_turret/_antidrone_turret_s.ep.rosidl_typesupport_introspection_c.c.o[0m
[9.694s] [ 87%] [32mBuilding C object CMakeFiles/antidrone_turret_s__rosidl_typesupport_c.dir/rosidl_generator_py/antidrone_turret/_antidrone_turret_s.ep.rosidl_typesupport_c.c.o[0m
[9.979s] [ 88%] [32m[1mLinking C shared module rosidl_generator_py/antidrone_turret/antidrone_turret_s__rosidl_typesupport_fastrtps_c.so[0m
[10.008s] [ 89%] [32m[1mLinking C shared module rosidl_generator_py/antidrone_turret/antidrone_turret_s__rosidl_typesupport_c.so[0m
[10.008s] [ 90%] [32m[1mLinking C shared module rosidl_generator_py/antidrone_turret/antidrone_turret_s__rosidl_typesupport_introspection_c.so[0m
[10.040s] [ 90%] Built target antidrone_turret_s__rosidl_typesupport_fastrtps_c
[10.069s] [ 90%] Built target antidrone_turret_s__rosidl_typesupport_introspection_c
[10.071s] [ 90%] Built target antidrone_turret_s__rosidl_typesupport_c
[12.288s] [ 91%] [32m[1mLinking CXX static library libgtest.a[0m
[12.392s] [ 91%] Built target gtest
[12.416s] [ 92%] [32mBuilding CXX object CMakeFiles/turret_logic_test.dir/test/turret_logic_test.cpp.o[0m
[12.418s] [ 93%] [32mBuilding CXX object CMakeFiles/provided_logic_test.dir/test/provided_logic_test.cpp.o[0m
[16.639s] [ 94%] [32m[1mLinking CXX executable turret_logic_test[0m
[16.814s] [ 94%] Built target turret_logic_test
[17.684s] [ 95%] [32m[1mLinking CXX executable provided_logic_test[0m
[17.844s] [ 95%] Built target provided_logic_test
[19.378s] [ 96%] [32m[1mLinking CXX executable actuator_node[0m
[19.724s] [ 96%] Built target actuator_node
[23.507s] [ 97%] [32m[1mLinking CXX executable yaw_servo_driver_node[0m
[23.559s] [ 98%] [32m[1mLinking CXX executable gimbal_driver_node[0m
[23.841s] [ 98%] Built target yaw_servo_driver_node
[23.888s] [ 98%] Built target gimbal_driver_node
[24.378s] [ 99%] [32m[1mLinking CXX executable target_track_publisher_node[0m
[24.681s] [ 99%] Built target target_track_publisher_node
[29.704s] [100%] [32m[1mLinking CXX executable turret_controller_node[0m
[30.157s] [100%] Built target turret_controller_node
[30.173s] Invoked command in '/home/bmarkiv/CPPMILITARY/homework_13/robot_ws/build/antidrone_turret' returned '0': CMAKE_PREFIX_PATH=${CMAKE_PREFIX_PATH}:/opt/ros/jazzy DEBUGINFOD_URLS=https://debuginfod.ubuntu.com /usr/bin/cmake --build /home/bmarkiv/CPPMILITARY/homework_13/robot_ws/build/antidrone_turret -- -j16 -l16
[30.183s] Invoking command in '/home/bmarkiv/CPPMILITARY/homework_13/robot_ws/build/antidrone_turret': CMAKE_PREFIX_PATH=${CMAKE_PREFIX_PATH}:/opt/ros/jazzy DEBUGINFOD_URLS=https://debuginfod.ubuntu.com /usr/bin/cmake --install /home/bmarkiv/CPPMILITARY/homework_13/robot_ws/build/antidrone_turret
[30.191s] -- Install configuration: ""
[30.192s] -- Execute custom install script
[30.193s] -- Symlinking: /home/bmarkiv/CPPMILITARY/homework_13/robot_ws/install/antidrone_turret/share/ament_index/resource_index/rosidl_interfaces/antidrone_turret
[30.201s] -- Symlinking: /home/bmarkiv/CPPMILITARY/homework_13/robot_ws/install/antidrone_turret/share/antidrone_turret/msg/Target.json
[30.210s] -- Symlinking: /home/bmarkiv/CPPMILITARY/homework_13/robot_ws/install/antidrone_turret/share/antidrone_turret/msg/ActuatorStatus.json
[30.219s] -- Symlinking: /home/bmarkiv/CPPMILITARY/homework_13/robot_ws/install/antidrone_turret/share/antidrone_turret/msg/GimbalCommand.json
[30.227s] -- Symlinking: /home/bmarkiv/CPPMILITARY/homework_13/robot_ws/install/antidrone_turret/share/antidrone_turret/msg/ServoCommand.json
[30.235s] -- Symlinking: /home/bmarkiv/CPPMILITARY/homework_13/robot_ws/install/antidrone_turret/share/antidrone_turret/msg/TurretStatus.json
[30.244s] -- Symlinking: /home/bmarkiv/CPPMILITARY/homework_13/robot_ws/install/antidrone_turret/share/antidrone_turret/srv/TriggerActuator.json
[30.253s] -- Symlinking: /home/bmarkiv/CPPMILITARY/homework_13/robot_ws/install/antidrone_turret/include/antidrone_turret/antidrone_turret/msg/actuator_status.h
[30.261s] -- Symlinking: /home/bmarkiv/CPPMILITARY/homework_13/robot_ws/install/antidrone_turret/include/antidrone_turret/antidrone_turret/msg/detail/actuator_status__functions.h
[30.271s] -- Symlinking: /home/bmarkiv/CPPMILITARY/homework_13/robot_ws/install/antidrone_turret/include/antidrone_turret/antidrone_turret/msg/detail/actuator_status__struct.h
[30.280s] -- Symlinking: /home/bmarkiv/CPPMILITARY/homework_13/robot_ws/install/antidrone_turret/include/antidrone_turret/antidrone_turret/msg/detail/actuator_status__type_support.h
[30.288s] -- Symlinking: /home/bmarkiv/CPPMILITARY/homework_13/robot_ws/install/antidrone_turret/include/antidrone_turret/antidrone_turret/msg/detail/gimbal_command__functions.h
[30.296s] -- Symlinking: /home/bmarkiv/CPPMILITARY/homework_13/robot_ws/install/antidrone_turret/include/antidrone_turret/antidrone_turret/msg/detail/gimbal_command__struct.h
[30.304s] -- Symlinking: /home/bmarkiv/CPPMILITARY/homework_13/robot_ws/install/antidrone_turret/include/antidrone_turret/antidrone_turret/msg/detail/gimbal_command__type_support.h
[30.313s] -- Symlinking: /home/bmarkiv/CPPMILITARY/homework_13/robot_ws/install/antidrone_turret/include/antidrone_turret/antidrone_turret/msg/detail/servo_command__functions.h
[30.321s] -- Symlinking: /home/bmarkiv/CPPMILITARY/homework_13/robot_ws/install/antidrone_turret/include/antidrone_turret/antidrone_turret/msg/detail/servo_command__struct.h
[30.330s] -- Symlinking: /home/bmarkiv/CPPMILITARY/homework_13/robot_ws/install/antidrone_turret/include/antidrone_turret/antidrone_turret/msg/detail/servo_command__type_support.h
[30.338s] -- Symlinking: /home/bmarkiv/CPPMILITARY/homework_13/robot_ws/install/antidrone_turret/include/antidrone_turret/antidrone_turret/msg/detail/target__functions.h
[30.346s] -- Symlinking: /home/bmarkiv/CPPMILITARY/homework_13/robot_ws/install/antidrone_turret/include/antidrone_turret/antidrone_turret/msg/detail/target__struct.h
[30.353s] -- Symlinking: /home/bmarkiv/CPPMILITARY/homework_13/robot_ws/install/antidrone_turret/include/antidrone_turret/antidrone_turret/msg/detail/target__type_support.h
[30.362s] -- Symlinking: /home/bmarkiv/CPPMILITARY/homework_13/robot_ws/install/antidrone_turret/include/antidrone_turret/antidrone_turret/msg/detail/turret_status__functions.h
[30.372s] -- Symlinking: /home/bmarkiv/CPPMILITARY/homework_13/robot_ws/install/antidrone_turret/include/antidrone_turret/antidrone_turret/msg/detail/turret_status__struct.h
[30.383s] -- Symlinking: /home/bmarkiv/CPPMILITARY/homework_13/robot_ws/install/antidrone_turret/include/antidrone_turret/antidrone_turret/msg/detail/turret_status__type_support.h
[30.391s] -- Symlinking: /home/bmarkiv/CPPMILITARY/homework_13/robot_ws/install/antidrone_turret/include/antidrone_turret/antidrone_turret/msg/gimbal_command.h
[30.399s] -- Symlinking: /home/bmarkiv/CPPMILITARY/homework_13/robot_ws/install/antidrone_turret/include/antidrone_turret/antidrone_turret/msg/rosidl_generator_c__visibility_control.h
[30.409s] -- Symlinking: /home/bmarkiv/CPPMILITARY/homework_13/robot_ws/install/antidrone_turret/include/antidrone_turret/antidrone_turret/msg/servo_command.h
[30.421s] -- Symlinking: /home/bmarkiv/CPPMILITARY/homework_13/robot_ws/install/antidrone_turret/include/antidrone_turret/antidrone_turret/msg/target.h
[30.433s] -- Symlinking: /home/bmarkiv/CPPMILITARY/homework_13/robot_ws/install/antidrone_turret/include/antidrone_turret/antidrone_turret/msg/turret_status.h
[30.441s] -- Symlinking: /home/bmarkiv/CPPMILITARY/homework_13/robot_ws/install/antidrone_turret/include/antidrone_turret/antidrone_turret/srv/detail/trigger_actuator__functions.h
[30.448s] -- Symlinking: /home/bmarkiv/CPPMILITARY/homework_13/robot_ws/install/antidrone_turret/include/antidrone_turret/antidrone_turret/srv/detail/trigger_actuator__struct.h
[30.459s] -- Symlinking: /home/bmarkiv/CPPMILITARY/homework_13/robot_ws/install/antidrone_turret/include/antidrone_turret/antidrone_turret/srv/detail/trigger_actuator__type_support.h
[30.467s] -- Symlinking: /home/bmarkiv/CPPMILITARY/homework_13/robot_ws/install/antidrone_turret/include/antidrone_turret/antidrone_turret/srv/trigger_actuator.h
[30.475s] -- Symlinking: /home/bmarkiv/CPPMILITARY/homework_13/robot_ws/install/antidrone_turret/share/antidrone_turret/environment/library_path.sh
[30.484s] -- Symlinking: /home/bmarkiv/CPPMILITARY/homework_13/robot_ws/install/antidrone_turret/share/antidrone_turret/environment/library_path.dsv
[30.493s] -- Symlinking: /home/bmarkiv/CPPMILITARY/homework_13/robot_ws/install/antidrone_turret/include/antidrone_turret/antidrone_turret/msg/detail/actuator_status__rosidl_typesupport_fastrtps_c.h
[30.502s] -- Symlinking: /home/bmarkiv/CPPMILITARY/homework_13/robot_ws/install/antidrone_turret/include/antidrone_turret/antidrone_turret/msg/detail/gimbal_command__rosidl_typesupport_fastrtps_c.h
[30.510s] -- Symlinking: /home/bmarkiv/CPPMILITARY/homework_13/robot_ws/install/antidrone_turret/include/antidrone_turret/antidrone_turret/msg/detail/servo_command__rosidl_typesupport_fastrtps_c.h
[30.518s] -- Symlinking: /home/bmarkiv/CPPMILITARY/homework_13/robot_ws/install/antidrone_turret/include/antidrone_turret/antidrone_turret/msg/detail/target__rosidl_typesupport_fastrtps_c.h
[30.526s] -- Symlinking: /home/bmarkiv/CPPMILITARY/homework_13/robot_ws/install/antidrone_turret/include/antidrone_turret/antidrone_turret/msg/detail/turret_status__rosidl_typesupport_fastrtps_c.h
[30.534s] -- Symlinking: /home/bmarkiv/CPPMILITARY/homework_13/robot_ws/install/antidrone_turret/include/antidrone_turret/antidrone_turret/msg/rosidl_typesupport_fastrtps_c__visibility_control.h
[30.544s] -- Symlinking: /home/bmarkiv/CPPMILITARY/homework_13/robot_ws/install/antidrone_turret/include/antidrone_turret/antidrone_turret/srv/detail/trigger_actuator__rosidl_typesupport_fastrtps_c.h
[30.553s] -- Symlinking: /home/bmarkiv/CPPMILITARY/homework_13/robot_ws/install/antidrone_turret/include/antidrone_turret/antidrone_turret/msg/detail/actuator_status__rosidl_typesupport_introspection_c.h
[30.563s] -- Symlinking: /home/bmarkiv/CPPMILITARY/homework_13/robot_ws/install/antidrone_turret/include/antidrone_turret/antidrone_turret/msg/detail/gimbal_command__rosidl_typesupport_introspection_c.h
[30.571s] -- Symlinking: /home/bmarkiv/CPPMILITARY/homework_13/robot_ws/install/antidrone_turret/include/antidrone_turret/antidrone_turret/msg/detail/servo_command__rosidl_typesupport_introspection_c.h
[30.582s] -- Symlinking: /home/bmarkiv/CPPMILITARY/homework_13/robot_ws/install/antidrone_turret/include/antidrone_turret/antidrone_turret/msg/detail/target__rosidl_typesupport_introspection_c.h
[30.592s] -- Symlinking: /home/bmarkiv/CPPMILITARY/homework_13/robot_ws/install/antidrone_turret/include/antidrone_turret/antidrone_turret/msg/detail/turret_status__rosidl_typesupport_introspection_c.h
[30.601s] -- Symlinking: /home/bmarkiv/CPPMILITARY/homework_13/robot_ws/install/antidrone_turret/include/antidrone_turret/antidrone_turret/msg/rosidl_typesupport_introspection_c__visibility_control.h
[30.609s] -- Symlinking: /home/bmarkiv/CPPMILITARY/homework_13/robot_ws/install/antidrone_turret/include/antidrone_turret/antidrone_turret/srv/detail/trigger_actuator__rosidl_typesupport_introspection_c.h
[30.617s] -- Symlinking: /home/bmarkiv/CPPMILITARY/homework_13/robot_ws/install/antidrone_turret/include/antidrone_turret/antidrone_turret/msg/actuator_status.hpp
[30.626s] -- Symlinking: /home/bmarkiv/CPPMILITARY/homework_13/robot_ws/install/antidrone_turret/include/antidrone_turret/antidrone_turret/msg/detail/actuator_status__builder.hpp
[30.634s] -- Symlinking: /home/bmarkiv/CPPMILITARY/homework_13/robot_ws/install/antidrone_turret/include/antidrone_turret/antidrone_turret/msg/detail/actuator_status__struct.hpp
[30.642s] -- Symlinking: /home/bmarkiv/CPPMILITARY/homework_13/robot_ws/install/antidrone_turret/include/antidrone_turret/antidrone_turret/msg/detail/actuator_status__traits.hpp
[30.650s] -- Symlinking: /home/bmarkiv/CPPMILITARY/homework_13/robot_ws/install/antidrone_turret/include/antidrone_turret/antidrone_turret/msg/detail/actuator_status__type_support.hpp
[30.660s] -- Symlinking: /home/bmarkiv/CPPMILITARY/homework_13/robot_ws/install/antidrone_turret/include/antidrone_turret/antidrone_turret/msg/detail/gimbal_command__builder.hpp
[30.670s] -- Symlinking: /home/bmarkiv/CPPMILITARY/homework_13/robot_ws/install/antidrone_turret/include/antidrone_turret/antidrone_turret/msg/detail/gimbal_command__struct.hpp
[30.681s] -- Symlinking: /home/bmarkiv/CPPMILITARY/homework_13/robot_ws/install/antidrone_turret/include/antidrone_turret/antidrone_turret/msg/detail/gimbal_command__traits.hpp
[30.691s] -- Symlinking: /home/bmarkiv/CPPMILITARY/homework_13/robot_ws/install/antidrone_turret/include/antidrone_turret/antidrone_turret/msg/detail/gimbal_command__type_support.hpp
[30.699s] -- Symlinking: /home/bmarkiv/CPPMILITARY/homework_13/robot_ws/install/antidrone_turret/include/antidrone_turret/antidrone_turret/msg/detail/servo_command__builder.hpp
[30.708s] -- Symlinking: /home/bmarkiv/CPPMILITARY/homework_13/robot_ws/install/antidrone_turret/include/antidrone_turret/antidrone_turret/msg/detail/servo_command__struct.hpp
[30.718s] -- Symlinking: /home/bmarkiv/CPPMILITARY/homework_13/robot_ws/install/antidrone_turret/include/antidrone_turret/antidrone_turret/msg/detail/servo_command__traits.hpp
[30.729s] -- Symlinking: /home/bmarkiv/CPPMILITARY/homework_13/robot_ws/install/antidrone_turret/include/antidrone_turret/antidrone_turret/msg/detail/servo_command__type_support.hpp
[30.739s] -- Symlinking: /home/bmarkiv/CPPMILITARY/homework_13/robot_ws/install/antidrone_turret/include/antidrone_turret/antidrone_turret/msg/detail/target__builder.hpp
[30.749s] -- Symlinking: /home/bmarkiv/CPPMILITARY/homework_13/robot_ws/install/antidrone_turret/include/antidrone_turret/antidrone_turret/msg/detail/target__struct.hpp
[30.759s] -- Symlinking: /home/bmarkiv/CPPMILITARY/homework_13/robot_ws/install/antidrone_turret/include/antidrone_turret/antidrone_turret/msg/detail/target__traits.hpp
[30.770s] -- Symlinking: /home/bmarkiv/CPPMILITARY/homework_13/robot_ws/install/antidrone_turret/include/antidrone_turret/antidrone_turret/msg/detail/target__type_support.hpp
[30.780s] -- Symlinking: /home/bmarkiv/CPPMILITARY/homework_13/robot_ws/install/antidrone_turret/include/antidrone_turret/antidrone_turret/msg/detail/turret_status__builder.hpp
[30.788s] -- Symlinking: /home/bmarkiv/CPPMILITARY/homework_13/robot_ws/install/antidrone_turret/include/antidrone_turret/antidrone_turret/msg/detail/turret_status__struct.hpp
[30.797s] -- Symlinking: /home/bmarkiv/CPPMILITARY/homework_13/robot_ws/install/antidrone_turret/include/antidrone_turret/antidrone_turret/msg/detail/turret_status__traits.hpp
[30.809s] -- Symlinking: /home/bmarkiv/CPPMILITARY/homework_13/robot_ws/install/antidrone_turret/include/antidrone_turret/antidrone_turret/msg/detail/turret_status__type_support.hpp
[30.818s] -- Symlinking: /home/bmarkiv/CPPMILITARY/homework_13/robot_ws/install/antidrone_turret/include/antidrone_turret/antidrone_turret/msg/gimbal_command.hpp
[30.827s] -- Symlinking: /home/bmarkiv/CPPMILITARY/homework_13/robot_ws/install/antidrone_turret/include/antidrone_turret/antidrone_turret/msg/rosidl_generator_cpp__visibility_control.hpp
[30.835s] -- Symlinking: /home/bmarkiv/CPPMILITARY/homework_13/robot_ws/install/antidrone_turret/include/antidrone_turret/antidrone_turret/msg/servo_command.hpp
[30.843s] -- Symlinking: /home/bmarkiv/CPPMILITARY/homework_13/robot_ws/install/antidrone_turret/include/antidrone_turret/antidrone_turret/msg/target.hpp
[30.853s] -- Symlinking: /home/bmarkiv/CPPMILITARY/homework_13/robot_ws/install/antidrone_turret/include/antidrone_turret/antidrone_turret/msg/turret_status.hpp
[30.864s] -- Symlinking: /home/bmarkiv/CPPMILITARY/homework_13/robot_ws/install/antidrone_turret/include/antidrone_turret/antidrone_turret/srv/detail/trigger_actuator__builder.hpp
[30.873s] -- Symlinking: /home/bmarkiv/CPPMILITARY/homework_13/robot_ws/install/antidrone_turret/include/antidrone_turret/antidrone_turret/srv/detail/trigger_actuator__struct.hpp
[30.882s] -- Symlinking: /home/bmarkiv/CPPMILITARY/homework_13/robot_ws/install/antidrone_turret/include/antidrone_turret/antidrone_turret/srv/detail/trigger_actuator__traits.hpp
[30.891s] -- Symlinking: /home/bmarkiv/CPPMILITARY/homework_13/robot_ws/install/antidrone_turret/include/antidrone_turret/antidrone_turret/srv/detail/trigger_actuator__type_support.hpp
[30.900s] -- Symlinking: /home/bmarkiv/CPPMILITARY/homework_13/robot_ws/install/antidrone_turret/include/antidrone_turret/antidrone_turret/srv/trigger_actuator.hpp
[30.909s] -- Symlinking: /home/bmarkiv/CPPMILITARY/homework_13/robot_ws/install/antidrone_turret/include/antidrone_turret/antidrone_turret/msg/detail/actuator_status__rosidl_typesupport_fastrtps_cpp.hpp
[30.917s] -- Symlinking: /home/bmarkiv/CPPMILITARY/homework_13/robot_ws/install/antidrone_turret/include/antidrone_turret/antidrone_turret/msg/detail/gimbal_command__rosidl_typesupport_fastrtps_cpp.hpp
[30.926s] -- Symlinking: /home/bmarkiv/CPPMILITARY/homework_13/robot_ws/install/antidrone_turret/include/antidrone_turret/antidrone_turret/msg/detail/servo_command__rosidl_typesupport_fastrtps_cpp.hpp
[30.934s] -- Symlinking: /home/bmarkiv/CPPMILITARY/homework_13/robot_ws/install/antidrone_turret/include/antidrone_turret/antidrone_turret/msg/detail/target__rosidl_typesupport_fastrtps_cpp.hpp
[30.942s] -- Symlinking: /home/bmarkiv/CPPMILITARY/homework_13/robot_ws/install/antidrone_turret/include/antidrone_turret/antidrone_turret/msg/detail/turret_status__rosidl_typesupport_fastrtps_cpp.hpp
[30.951s] -- Symlinking: /home/bmarkiv/CPPMILITARY/homework_13/robot_ws/install/antidrone_turret/include/antidrone_turret/antidrone_turret/msg/rosidl_typesupport_fastrtps_cpp__visibility_control.h
[30.959s] -- Symlinking: /home/bmarkiv/CPPMILITARY/homework_13/robot_ws/install/antidrone_turret/include/antidrone_turret/antidrone_turret/srv/detail/trigger_actuator__rosidl_typesupport_fastrtps_cpp.hpp
[30.967s] -- Symlinking: /home/bmarkiv/CPPMILITARY/homework_13/robot_ws/install/antidrone_turret/include/antidrone_turret/antidrone_turret/msg/detail/actuator_status__rosidl_typesupport_introspection_cpp.hpp
[30.977s] -- Symlinking: /home/bmarkiv/CPPMILITARY/homework_13/robot_ws/install/antidrone_turret/include/antidrone_turret/antidrone_turret/msg/detail/gimbal_command__rosidl_typesupport_introspection_cpp.hpp
[30.987s] -- Symlinking: /home/bmarkiv/CPPMILITARY/homework_13/robot_ws/install/antidrone_turret/include/antidrone_turret/antidrone_turret/msg/detail/servo_command__rosidl_typesupport_introspection_cpp.hpp
[30.997s] -- Symlinking: /home/bmarkiv/CPPMILITARY/homework_13/robot_ws/install/antidrone_turret/include/antidrone_turret/antidrone_turret/msg/detail/target__rosidl_typesupport_introspection_cpp.hpp
[31.006s] -- Symlinking: /home/bmarkiv/CPPMILITARY/homework_13/robot_ws/install/antidrone_turret/include/antidrone_turret/antidrone_turret/msg/detail/turret_status__rosidl_typesupport_introspection_cpp.hpp
[31.013s] -- Symlinking: /home/bmarkiv/CPPMILITARY/homework_13/robot_ws/install/antidrone_turret/include/antidrone_turret/antidrone_turret/srv/detail/trigger_actuator__rosidl_typesupport_introspection_cpp.hpp
[31.022s] -- Symlinking: /home/bmarkiv/CPPMILITARY/homework_13/robot_ws/install/antidrone_turret/share/antidrone_turret/environment/pythonpath.sh
[31.031s] -- Symlinking: /home/bmarkiv/CPPMILITARY/homework_13/robot_ws/install/antidrone_turret/share/antidrone_turret/environment/pythonpath.dsv
[31.042s] -- Symlinking: /home/bmarkiv/CPPMILITARY/homework_13/robot_ws/install/antidrone_turret/lib/python3.12/site-packages/antidrone_turret-0.1.0-py3.12.egg-info/PKG-INFO
[31.051s] -- Symlinking: /home/bmarkiv/CPPMILITARY/homework_13/robot_ws/install/antidrone_turret/lib/python3.12/site-packages/antidrone_turret-0.1.0-py3.12.egg-info/SOURCES.txt
[31.059s] -- Symlinking: /home/bmarkiv/CPPMILITARY/homework_13/robot_ws/install/antidrone_turret/lib/python3.12/site-packages/antidrone_turret-0.1.0-py3.12.egg-info/dependency_links.txt
[31.066s] -- Symlinking: /home/bmarkiv/CPPMILITARY/homework_13/robot_ws/install/antidrone_turret/lib/python3.12/site-packages/antidrone_turret-0.1.0-py3.12.egg-info/top_level.txt
[31.077s] -- Symlinking: /home/bmarkiv/CPPMILITARY/homework_13/robot_ws/install/antidrone_turret/lib/python3.12/site-packages/antidrone_turret/__init__.py
[31.086s] -- Symlinking: /home/bmarkiv/CPPMILITARY/homework_13/robot_ws/install/antidrone_turret/lib/python3.12/site-packages/antidrone_turret/_antidrone_turret_s.ep.rosidl_typesupport_c.c
[31.097s] -- Symlinking: /home/bmarkiv/CPPMILITARY/homework_13/robot_ws/install/antidrone_turret/lib/python3.12/site-packages/antidrone_turret/_antidrone_turret_s.ep.rosidl_typesupport_fastrtps_c.c
[31.107s] -- Symlinking: /home/bmarkiv/CPPMILITARY/homework_13/robot_ws/install/antidrone_turret/lib/python3.12/site-packages/antidrone_turret/_antidrone_turret_s.ep.rosidl_typesupport_introspection_c.c
[31.116s] -- Symlinking: /home/bmarkiv/CPPMILITARY/homework_13/robot_ws/install/antidrone_turret/lib/python3.12/site-packages/antidrone_turret/antidrone_turret_s__rosidl_typesupport_c.so
[31.124s] -- Symlinking: /home/bmarkiv/CPPMILITARY/homework_13/robot_ws/install/antidrone_turret/lib/python3.12/site-packages/antidrone_turret/antidrone_turret_s__rosidl_typesupport_fastrtps_c.so
[31.132s] -- Symlinking: /home/bmarkiv/CPPMILITARY/homework_13/robot_ws/install/antidrone_turret/lib/python3.12/site-packages/antidrone_turret/antidrone_turret_s__rosidl_typesupport_introspection_c.so
[31.141s] -- Symlinking: /home/bmarkiv/CPPMILITARY/homework_13/robot_ws/install/antidrone_turret/lib/python3.12/site-packages/antidrone_turret/msg/__init__.py
[31.149s] -- Symlinking: /home/bmarkiv/CPPMILITARY/homework_13/robot_ws/install/antidrone_turret/lib/python3.12/site-packages/antidrone_turret/msg/_actuator_status.py
[31.158s] -- Symlinking: /home/bmarkiv/CPPMILITARY/homework_13/robot_ws/install/antidrone_turret/lib/python3.12/site-packages/antidrone_turret/msg/_actuator_status_s.c
[31.167s] -- Symlinking: /home/bmarkiv/CPPMILITARY/homework_13/robot_ws/install/antidrone_turret/lib/python3.12/site-packages/antidrone_turret/msg/_gimbal_command.py
[31.176s] -- Symlinking: /home/bmarkiv/CPPMILITARY/homework_13/robot_ws/install/antidrone_turret/lib/python3.12/site-packages/antidrone_turret/msg/_gimbal_command_s.c
[31.185s] -- Symlinking: /home/bmarkiv/CPPMILITARY/homework_13/robot_ws/install/antidrone_turret/lib/python3.12/site-packages/antidrone_turret/msg/_servo_command.py
[31.194s] -- Symlinking: /home/bmarkiv/CPPMILITARY/homework_13/robot_ws/install/antidrone_turret/lib/python3.12/site-packages/antidrone_turret/msg/_servo_command_s.c
[31.203s] -- Symlinking: /home/bmarkiv/CPPMILITARY/homework_13/robot_ws/install/antidrone_turret/lib/python3.12/site-packages/antidrone_turret/msg/_target.py
[31.212s] -- Symlinking: /home/bmarkiv/CPPMILITARY/homework_13/robot_ws/install/antidrone_turret/lib/python3.12/site-packages/antidrone_turret/msg/_target_s.c
[31.221s] -- Symlinking: /home/bmarkiv/CPPMILITARY/homework_13/robot_ws/install/antidrone_turret/lib/python3.12/site-packages/antidrone_turret/msg/_turret_status.py
[31.230s] -- Symlinking: /home/bmarkiv/CPPMILITARY/homework_13/robot_ws/install/antidrone_turret/lib/python3.12/site-packages/antidrone_turret/msg/_turret_status_s.c
[31.239s] -- Symlinking: /home/bmarkiv/CPPMILITARY/homework_13/robot_ws/install/antidrone_turret/lib/python3.12/site-packages/antidrone_turret/srv/__init__.py
[31.247s] -- Symlinking: /home/bmarkiv/CPPMILITARY/homework_13/robot_ws/install/antidrone_turret/lib/python3.12/site-packages/antidrone_turret/srv/_trigger_actuator.py
[31.255s] -- Symlinking: /home/bmarkiv/CPPMILITARY/homework_13/robot_ws/install/antidrone_turret/lib/python3.12/site-packages/antidrone_turret/srv/_trigger_actuator_s.c
[31.264s] -- Up-to-date symlink: /home/bmarkiv/CPPMILITARY/homework_13/robot_ws/install/antidrone_turret/lib/python3.12/site-packages/antidrone_turret/antidrone_turret_s__rosidl_typesupport_fastrtps_c.so
[31.264s] -- Up-to-date symlink: /home/bmarkiv/CPPMILITARY/homework_13/robot_ws/install/antidrone_turret/lib/python3.12/site-packages/antidrone_turret/antidrone_turret_s__rosidl_typesupport_introspection_c.so
[31.265s] -- Up-to-date symlink: /home/bmarkiv/CPPMILITARY/homework_13/robot_ws/install/antidrone_turret/lib/python3.12/site-packages/antidrone_turret/antidrone_turret_s__rosidl_typesupport_c.so
[31.265s] -- Symlinking: /home/bmarkiv/CPPMILITARY/homework_13/robot_ws/install/antidrone_turret/share/ament_index/resource_index/rust_packages/antidrone_turret
[31.275s] -- Symlinking: /home/bmarkiv/CPPMILITARY/homework_13/robot_ws/install/antidrone_turret/share/antidrone_turret/rust/Cargo.toml
[31.284s] -- Symlinking: /home/bmarkiv/CPPMILITARY/homework_13/robot_ws/install/antidrone_turret/share/antidrone_turret/rust/build.rs
[31.294s] -- Symlinking: /home/bmarkiv/CPPMILITARY/homework_13/robot_ws/install/antidrone_turret/share/antidrone_turret/rust/src/lib.rs
[31.302s] -- Symlinking: /home/bmarkiv/CPPMILITARY/homework_13/robot_ws/install/antidrone_turret/share/antidrone_turret/rust/src/msg.rs
[31.310s] -- Symlinking: /home/bmarkiv/CPPMILITARY/homework_13/robot_ws/install/antidrone_turret/share/antidrone_turret/rust/src/msg/rmw.rs
[31.318s] -- Symlinking: /home/bmarkiv/CPPMILITARY/homework_13/robot_ws/install/antidrone_turret/share/antidrone_turret/rust/src/srv.rs
[31.327s] -- Symlinking: /home/bmarkiv/CPPMILITARY/homework_13/robot_ws/install/antidrone_turret/share/antidrone_turret/rust/src/srv/rmw.rs
[31.336s] -- Symlinking: /home/bmarkiv/CPPMILITARY/homework_13/robot_ws/install/antidrone_turret/share/antidrone_turret/msg/Target.idl
[31.344s] -- Symlinking: /home/bmarkiv/CPPMILITARY/homework_13/robot_ws/install/antidrone_turret/share/antidrone_turret/msg/ActuatorStatus.idl
[31.352s] -- Symlinking: /home/bmarkiv/CPPMILITARY/homework_13/robot_ws/install/antidrone_turret/share/antidrone_turret/msg/GimbalCommand.idl
[31.360s] -- Symlinking: /home/bmarkiv/CPPMILITARY/homework_13/robot_ws/install/antidrone_turret/share/antidrone_turret/msg/ServoCommand.idl
[31.369s] -- Symlinking: /home/bmarkiv/CPPMILITARY/homework_13/robot_ws/install/antidrone_turret/share/antidrone_turret/msg/TurretStatus.idl
[31.379s] -- Symlinking: /home/bmarkiv/CPPMILITARY/homework_13/robot_ws/install/antidrone_turret/share/antidrone_turret/srv/TriggerActuator.idl
[31.390s] -- Symlinking: /home/bmarkiv/CPPMILITARY/homework_13/robot_ws/install/antidrone_turret/share/antidrone_turret/msg/Target.msg
[31.399s] -- Symlinking: /home/bmarkiv/CPPMILITARY/homework_13/robot_ws/install/antidrone_turret/share/antidrone_turret/msg/ActuatorStatus.msg
[31.408s] -- Symlinking: /home/bmarkiv/CPPMILITARY/homework_13/robot_ws/install/antidrone_turret/share/antidrone_turret/msg/GimbalCommand.msg
[31.416s] -- Symlinking: /home/bmarkiv/CPPMILITARY/homework_13/robot_ws/install/antidrone_turret/share/antidrone_turret/msg/ServoCommand.msg
[31.424s] -- Symlinking: /home/bmarkiv/CPPMILITARY/homework_13/robot_ws/install/antidrone_turret/share/antidrone_turret/msg/TurretStatus.msg
[31.432s] -- Symlinking: /home/bmarkiv/CPPMILITARY/homework_13/robot_ws/install/antidrone_turret/share/antidrone_turret/srv/TriggerActuator.srv
[31.440s] -- Symlinking: /home/bmarkiv/CPPMILITARY/homework_13/robot_ws/install/antidrone_turret/include/antidrone_turret/antidrone_turret/actuator_model.hpp
[31.448s] -- Symlinking: /home/bmarkiv/CPPMILITARY/homework_13/robot_ws/install/antidrone_turret/include/antidrone_turret/antidrone_turret/target_sequence.hpp
[31.456s] -- Symlinking: /home/bmarkiv/CPPMILITARY/homework_13/robot_ws/install/antidrone_turret/include/antidrone_turret/antidrone_turret/target_track_loader.hpp
[31.465s] -- Symlinking: /home/bmarkiv/CPPMILITARY/homework_13/robot_ws/install/antidrone_turret/include/antidrone_turret/antidrone_turret/target_track_simulation.hpp
[31.473s] -- Symlinking: /home/bmarkiv/CPPMILITARY/homework_13/robot_ws/install/antidrone_turret/include/antidrone_turret/antidrone_turret/turret_logic.hpp
[31.483s] -- Symlinking: /home/bmarkiv/CPPMILITARY/homework_13/robot_ws/install/antidrone_turret/lib/antidrone_turret/target_track_publisher_node
[31.492s] -- Symlinking: /home/bmarkiv/CPPMILITARY/homework_13/robot_ws/install/antidrone_turret/lib/antidrone_turret/actuator_node
[31.501s] -- Symlinking: /home/bmarkiv/CPPMILITARY/homework_13/robot_ws/install/antidrone_turret/lib/antidrone_turret/turret_controller_node
[31.510s] -- Symlinking: /home/bmarkiv/CPPMILITARY/homework_13/robot_ws/install/antidrone_turret/share/antidrone_turret/launch/system.launch.py
[31.519s] -- Symlinking: /home/bmarkiv/CPPMILITARY/homework_13/robot_ws/install/antidrone_turret/share/antidrone_turret/config/sequence.yaml
[31.527s] -- Symlinking: /home/bmarkiv/CPPMILITARY/homework_13/robot_ws/install/antidrone_turret/share/antidrone_turret/tracks/approach_trigger.csv
[31.535s] -- Symlinking: /home/bmarkiv/CPPMILITARY/homework_13/robot_ws/install/antidrone_turret/share/antidrone_turret/tracks/far_flyby_no_trigger.csv
[31.543s] -- Symlinking: /home/bmarkiv/CPPMILITARY/homework_13/robot_ws/install/antidrone_turret/share/antidrone_turret/tracks/low_confidence_no_trigger.csv
[31.551s] -- Symlinking: /home/bmarkiv/CPPMILITARY/homework_13/robot_ws/install/antidrone_turret/share/antidrone_turret/tracks/reload_pressure.csv
[31.560s] -- Symlinking: /home/bmarkiv/CPPMILITARY/homework_13/robot_ws/install/antidrone_turret/share/ament_index/resource_index/package_run_dependencies/antidrone_turret
[31.568s] -- Symlinking: /home/bmarkiv/CPPMILITARY/homework_13/robot_ws/install/antidrone_turret/share/ament_index/resource_index/parent_prefix_path/antidrone_turret
[31.576s] -- Symlinking: /home/bmarkiv/CPPMILITARY/homework_13/robot_ws/install/antidrone_turret/share/antidrone_turret/environment/ament_prefix_path.sh
[31.585s] -- Symlinking: /home/bmarkiv/CPPMILITARY/homework_13/robot_ws/install/antidrone_turret/share/antidrone_turret/environment/ament_prefix_path.dsv
[31.596s] -- Symlinking: /home/bmarkiv/CPPMILITARY/homework_13/robot_ws/install/antidrone_turret/share/antidrone_turret/environment/path.sh
[31.605s] -- Symlinking: /home/bmarkiv/CPPMILITARY/homework_13/robot_ws/install/antidrone_turret/share/antidrone_turret/environment/path.dsv
[31.614s] -- Symlinking: /home/bmarkiv/CPPMILITARY/homework_13/robot_ws/install/antidrone_turret/share/antidrone_turret/local_setup.bash
[31.622s] -- Symlinking: /home/bmarkiv/CPPMILITARY/homework_13/robot_ws/install/antidrone_turret/share/antidrone_turret/local_setup.sh
[31.631s] -- Symlinking: /home/bmarkiv/CPPMILITARY/homework_13/robot_ws/install/antidrone_turret/share/antidrone_turret/local_setup.zsh
[31.640s] -- Symlinking: /home/bmarkiv/CPPMILITARY/homework_13/robot_ws/install/antidrone_turret/share/antidrone_turret/local_setup.dsv
[31.650s] -- Symlinking: /home/bmarkiv/CPPMILITARY/homework_13/robot_ws/install/antidrone_turret/share/antidrone_turret/package.dsv
[31.660s] -- Symlinking: /home/bmarkiv/CPPMILITARY/homework_13/robot_ws/install/antidrone_turret/share/ament_index/resource_index/packages/antidrone_turret
[31.670s] -- Symlinking: /home/bmarkiv/CPPMILITARY/homework_13/robot_ws/install/antidrone_turret/share/antidrone_turret/cmake/rosidl_cmake-extras.cmake
[31.680s] -- Symlinking: /home/bmarkiv/CPPMILITARY/homework_13/robot_ws/install/antidrone_turret/share/antidrone_turret/cmake/ament_cmake_export_dependencies-extras.cmake
[31.690s] -- Symlinking: /home/bmarkiv/CPPMILITARY/homework_13/robot_ws/install/antidrone_turret/share/antidrone_turret/cmake/ament_cmake_export_include_directories-extras.cmake
[31.698s] -- Symlinking: /home/bmarkiv/CPPMILITARY/homework_13/robot_ws/install/antidrone_turret/share/antidrone_turret/cmake/ament_cmake_export_libraries-extras.cmake
[31.706s] -- Symlinking: /home/bmarkiv/CPPMILITARY/homework_13/robot_ws/install/antidrone_turret/share/antidrone_turret/cmake/ament_cmake_export_targets-extras.cmake
[31.716s] -- Symlinking: /home/bmarkiv/CPPMILITARY/homework_13/robot_ws/install/antidrone_turret/share/antidrone_turret/cmake/rosidl_cmake_export_typesupport_targets-extras.cmake
[31.725s] -- Symlinking: /home/bmarkiv/CPPMILITARY/homework_13/robot_ws/install/antidrone_turret/share/antidrone_turret/cmake/rosidl_cmake_export_typesupport_libraries-extras.cmake
[31.734s] -- Symlinking: /home/bmarkiv/CPPMILITARY/homework_13/robot_ws/install/antidrone_turret/share/antidrone_turret/cmake/rosidl_cmake_aggregate_target-extras.cmake
[31.743s] -- Symlinking: /home/bmarkiv/CPPMILITARY/homework_13/robot_ws/install/antidrone_turret/share/antidrone_turret/cmake/antidrone_turretConfig.cmake
[31.751s] -- Symlinking: /home/bmarkiv/CPPMILITARY/homework_13/robot_ws/install/antidrone_turret/share/antidrone_turret/cmake/antidrone_turretConfig-version.cmake
[31.760s] -- Symlinking: /home/bmarkiv/CPPMILITARY/homework_13/robot_ws/install/antidrone_turret/share/antidrone_turret/package.xml
[31.770s] -- Installing: /home/bmarkiv/CPPMILITARY/homework_13/robot_ws/install/antidrone_turret/lib/libantidrone_turret__rosidl_generator_c.so
[31.772s] -- Set non-toolchain portion of runtime path of "/home/bmarkiv/CPPMILITARY/homework_13/robot_ws/install/antidrone_turret/lib/libantidrone_turret__rosidl_generator_c.so" to ""
[31.773s] -- Installing: /home/bmarkiv/CPPMILITARY/homework_13/robot_ws/install/antidrone_turret/lib/libantidrone_turret__rosidl_typesupport_fastrtps_c.so
[31.773s] -- Set non-toolchain portion of runtime path of "/home/bmarkiv/CPPMILITARY/homework_13/robot_ws/install/antidrone_turret/lib/libantidrone_turret__rosidl_typesupport_fastrtps_c.so" to ""
[31.774s] -- Installing: /home/bmarkiv/CPPMILITARY/homework_13/robot_ws/install/antidrone_turret/lib/libantidrone_turret__rosidl_typesupport_introspection_c.so
[31.775s] -- Set non-toolchain portion of runtime path of "/home/bmarkiv/CPPMILITARY/homework_13/robot_ws/install/antidrone_turret/lib/libantidrone_turret__rosidl_typesupport_introspection_c.so" to ""
[31.776s] -- Installing: /home/bmarkiv/CPPMILITARY/homework_13/robot_ws/install/antidrone_turret/lib/libantidrone_turret__rosidl_typesupport_c.so
[31.776s] -- Set non-toolchain portion of runtime path of "/home/bmarkiv/CPPMILITARY/homework_13/robot_ws/install/antidrone_turret/lib/libantidrone_turret__rosidl_typesupport_c.so" to ""
[31.777s] -- Installing: /home/bmarkiv/CPPMILITARY/homework_13/robot_ws/install/antidrone_turret/lib/libantidrone_turret__rosidl_typesupport_fastrtps_cpp.so
[31.777s] -- Set non-toolchain portion of runtime path of "/home/bmarkiv/CPPMILITARY/homework_13/robot_ws/install/antidrone_turret/lib/libantidrone_turret__rosidl_typesupport_fastrtps_cpp.so" to ""
[31.777s] -- Installing: /home/bmarkiv/CPPMILITARY/homework_13/robot_ws/install/antidrone_turret/lib/libantidrone_turret__rosidl_typesupport_introspection_cpp.so
[31.777s] -- Set non-toolchain portion of runtime path of "/home/bmarkiv/CPPMILITARY/homework_13/robot_ws/install/antidrone_turret/lib/libantidrone_turret__rosidl_typesupport_introspection_cpp.so" to ""
[31.777s] -- Installing: /home/bmarkiv/CPPMILITARY/homework_13/robot_ws/install/antidrone_turret/lib/libantidrone_turret__rosidl_typesupport_cpp.so
[31.777s] -- Set non-toolchain portion of runtime path of "/home/bmarkiv/CPPMILITARY/homework_13/robot_ws/install/antidrone_turret/lib/libantidrone_turret__rosidl_typesupport_cpp.so" to ""
[31.836s] Listing '/home/bmarkiv/CPPMILITARY/homework_13/robot_ws/install/antidrone_turret/lib/python3.12/site-packages/antidrone_turret'...
[31.837s] Compiling '/home/bmarkiv/CPPMILITARY/homework_13/robot_ws/install/antidrone_turret/lib/python3.12/site-packages/antidrone_turret/__init__.py'...
[31.837s] Listing '/home/bmarkiv/CPPMILITARY/homework_13/robot_ws/install/antidrone_turret/lib/python3.12/site-packages/antidrone_turret/msg'...
[31.837s] Compiling '/home/bmarkiv/CPPMILITARY/homework_13/robot_ws/install/antidrone_turret/lib/python3.12/site-packages/antidrone_turret/msg/__init__.py'...
[31.837s] Compiling '/home/bmarkiv/CPPMILITARY/homework_13/robot_ws/install/antidrone_turret/lib/python3.12/site-packages/antidrone_turret/msg/_actuator_status.py'...
[31.837s] Compiling '/home/bmarkiv/CPPMILITARY/homework_13/robot_ws/install/antidrone_turret/lib/python3.12/site-packages/antidrone_turret/msg/_gimbal_command.py'...
[31.837s] Compiling '/home/bmarkiv/CPPMILITARY/homework_13/robot_ws/install/antidrone_turret/lib/python3.12/site-packages/antidrone_turret/msg/_servo_command.py'...
[31.837s] Compiling '/home/bmarkiv/CPPMILITARY/homework_13/robot_ws/install/antidrone_turret/lib/python3.12/site-packages/antidrone_turret/msg/_target.py'...
[31.837s] Compiling '/home/bmarkiv/CPPMILITARY/homework_13/robot_ws/install/antidrone_turret/lib/python3.12/site-packages/antidrone_turret/msg/_turret_status.py'...
[31.837s] Listing '/home/bmarkiv/CPPMILITARY/homework_13/robot_ws/install/antidrone_turret/lib/python3.12/site-packages/antidrone_turret/srv'...
[31.837s] Compiling '/home/bmarkiv/CPPMILITARY/homework_13/robot_ws/install/antidrone_turret/lib/python3.12/site-packages/antidrone_turret/srv/__init__.py'...
[31.837s] Compiling '/home/bmarkiv/CPPMILITARY/homework_13/robot_ws/install/antidrone_turret/lib/python3.12/site-packages/antidrone_turret/srv/_trigger_actuator.py'...
[31.843s] -- Installing: /home/bmarkiv/CPPMILITARY/homework_13/robot_ws/install/antidrone_turret/lib/libantidrone_turret__rosidl_generator_py.so
[31.844s] -- Set non-toolchain portion of runtime path of "/home/bmarkiv/CPPMILITARY/homework_13/robot_ws/install/antidrone_turret/lib/libantidrone_turret__rosidl_generator_py.so" to ""
[31.844s] -- Installing: /home/bmarkiv/CPPMILITARY/homework_13/robot_ws/install/antidrone_turret/share/antidrone_turret/cmake/export_antidrone_turret__rosidl_generator_cExport.cmake
[31.844s] -- Installing: /home/bmarkiv/CPPMILITARY/homework_13/robot_ws/install/antidrone_turret/share/antidrone_turret/cmake/export_antidrone_turret__rosidl_generator_cExport-noconfig.cmake
[31.844s] -- Installing: /home/bmarkiv/CPPMILITARY/homework_13/robot_ws/install/antidrone_turret/share/antidrone_turret/cmake/export_antidrone_turret__rosidl_typesupport_fastrtps_cExport.cmake
[31.845s] -- Installing: /home/bmarkiv/CPPMILITARY/homework_13/robot_ws/install/antidrone_turret/share/antidrone_turret/cmake/export_antidrone_turret__rosidl_typesupport_fastrtps_cExport-noconfig.cmake
[31.845s] -- Installing: /home/bmarkiv/CPPMILITARY/homework_13/robot_ws/install/antidrone_turret/share/antidrone_turret/cmake/antidrone_turret__rosidl_typesupport_introspection_cExport.cmake
[31.845s] -- Installing: /home/bmarkiv/CPPMILITARY/homework_13/robot_ws/install/antidrone_turret/share/antidrone_turret/cmake/antidrone_turret__rosidl_typesupport_introspection_cExport-noconfig.cmake
[31.846s] -- Installing: /home/bmarkiv/CPPMILITARY/homework_13/robot_ws/install/antidrone_turret/share/antidrone_turret/cmake/antidrone_turret__rosidl_typesupport_cExport.cmake
[31.846s] -- Installing: /home/bmarkiv/CPPMILITARY/homework_13/robot_ws/install/antidrone_turret/share/antidrone_turret/cmake/antidrone_turret__rosidl_typesupport_cExport-noconfig.cmake
[31.846s] -- Installing: /home/bmarkiv/CPPMILITARY/homework_13/robot_ws/install/antidrone_turret/share/antidrone_turret/cmake/export_antidrone_turret__rosidl_generator_cppExport.cmake
[31.846s] -- Installing: /home/bmarkiv/CPPMILITARY/homework_13/robot_ws/install/antidrone_turret/share/antidrone_turret/cmake/export_antidrone_turret__rosidl_typesupport_fastrtps_cppExport.cmake
[31.846s] -- Installing: /home/bmarkiv/CPPMILITARY/homework_13/robot_ws/install/antidrone_turret/share/antidrone_turret/cmake/export_antidrone_turret__rosidl_typesupport_fastrtps_cppExport-noconfig.cmake
[31.846s] -- Installing: /home/bmarkiv/CPPMILITARY/homework_13/robot_ws/install/antidrone_turret/share/antidrone_turret/cmake/antidrone_turret__rosidl_typesupport_introspection_cppExport.cmake
[31.846s] -- Installing: /home/bmarkiv/CPPMILITARY/homework_13/robot_ws/install/antidrone_turret/share/antidrone_turret/cmake/antidrone_turret__rosidl_typesupport_introspection_cppExport-noconfig.cmake
[31.846s] -- Installing: /home/bmarkiv/CPPMILITARY/homework_13/robot_ws/install/antidrone_turret/share/antidrone_turret/cmake/antidrone_turret__rosidl_typesupport_cppExport.cmake
[31.846s] -- Installing: /home/bmarkiv/CPPMILITARY/homework_13/robot_ws/install/antidrone_turret/share/antidrone_turret/cmake/antidrone_turret__rosidl_typesupport_cppExport-noconfig.cmake
[31.846s] -- Installing: /home/bmarkiv/CPPMILITARY/homework_13/robot_ws/install/antidrone_turret/share/antidrone_turret/cmake/export_antidrone_turret__rosidl_generator_pyExport.cmake
[31.846s] -- Installing: /home/bmarkiv/CPPMILITARY/homework_13/robot_ws/install/antidrone_turret/share/antidrone_turret/cmake/export_antidrone_turret__rosidl_generator_pyExport-noconfig.cmake
[31.849s] Invoked command in '/home/bmarkiv/CPPMILITARY/homework_13/robot_ws/build/antidrone_turret' returned '0': CMAKE_PREFIX_PATH=${CMAKE_PREFIX_PATH}:/opt/ros/jazzy DEBUGINFOD_URLS=https://debuginfod.ubuntu.com /usr/bin/cmake --install /home/bmarkiv/CPPMILITARY/homework_13/robot_ws/build/antidrone_turret
