[0.014s] Invoking command in '/home/bmarkiv/CPPMILITARY/homework_13/robot_ws/build/antidrone_turret': CMAKE_PREFIX_PATH=${CMAKE_PREFIX_PATH}:/opt/ros/jazzy DEBUGINFOD_URLS=https://debuginfod.ubuntu.com /usr/bin/cmake --build /home/bmarkiv/CPPMILITARY/homework_13/robot_ws/build/antidrone_turret -- -j16 -l16
[0.053s] -- Found ament_cmake_auto: 2.5.6 (/opt/ros/jazzy/share/ament_cmake_auto/cmake)
[0.186s] -- Override CMake install command with custom implementation using symlinks instead of copying resources
[0.307s] -- Using all available rosidl_typesupport_c: rosidl_typesupport_fastrtps_c;rosidl_typesupport_introspection_c
[0.350s] -- Using all available rosidl_typesupport_cpp: rosidl_typesupport_fastrtps_cpp;rosidl_typesupport_introspection_cpp
[0.387s] -- Found rosidl_adapter: 4.6.9 (/opt/ros/jazzy/share/rosidl_adapter/cmake)
[0.465s] -- Found rmw_implementation_cmake: 7.3.3 (/opt/ros/jazzy/share/rmw_implementation_cmake/cmake)
[0.467s] -- Found rmw_cyclonedds_cpp: 2.2.3 (/opt/ros/jazzy/share/rmw_cyclonedds_cpp/cmake)
[0.495s] -- Using RMW implementation 'rmw_cyclonedds_cpp' as default
[0.782s] -- Found ament_cmake_ros: 0.12.1 (/opt/ros/jazzy/share/ament_cmake_ros/cmake)
[0.891s] -- Using all available rosidl_typesupport_c: rosidl_typesupport_fastrtps_c;rosidl_typesupport_introspection_c
[1.066s] -- Using all available rosidl_typesupport_cpp: rosidl_typesupport_fastrtps_cpp;rosidl_typesupport_introspection_cpp
[1.068s] -- Found python_cmake_module: 0.11.1 (/opt/ros/jazzy/share/python_cmake_module/cmake)
[1.413s] -- Found Python3: /usr/bin/python3 (found version "3.12.3") found components: Interpreter Development NumPy Development.Module Development.Embed 
[1.460s] -- Found Python3: /usr/bin/python3 (found version "3.12.3") found components: Interpreter 
[1.471s] -- Found gtest sources under '/opt/ros/jazzy/src/gtest_vendor': C++ tests using 'Google Test' will be built
[1.490s] -- Configuring done (1.4s)
[1.597s] -- Generating done (0.1s)
[1.624s] -- Build files have been written to: /home/bmarkiv/CPPMILITARY/homework_13/robot_ws/build/antidrone_turret
[1.673s] [  1%] Built target antidrone_turret__rosidl_generator_type_description
[1.673s] [  2%] Built target antidrone_turret__rs
[1.677s] [  4%] Built target gtest_main
[1.682s] [  6%] Built target gtest
[1.685s] [  6%] Built target ament_cmake_python_symlink_antidrone_turret
[1.694s] [  7%] Built target antidrone_turret__cpp
[1.706s] [ 27%] Built target antidrone_turret__rosidl_generator_c
[1.708s] [ 29%] Built target turret_logic_test
[1.709s] [ 31%] Built target provided_logic_test
[1.732s] [ 38%] Built target antidrone_turret__rosidl_typesupport_introspection_c
[1.734s] [ 45%] Built target antidrone_turret__rosidl_typesupport_c
[1.742s] [ 53%] Built target antidrone_turret__rosidl_typesupport_fastrtps_cpp
[1.743s] [ 65%] Built target antidrone_turret__rosidl_typesupport_cpp
[1.744s] [ 69%] Built target antidrone_turret__rosidl_typesupport_introspection_cpp
[1.744s] [ 77%] Built target antidrone_turret__rosidl_typesupport_fastrtps_c
[1.777s] [ 79%] Built target yaw_servo_driver_node
[1.777s] [ 80%] Built target actuator_node
[1.778s] [ 82%] Built target target_track_publisher_node
[1.779s] [ 84%] Built target turret_controller_node
[1.782s] [ 86%] Built target gimbal_driver_node
[1.795s] [ 86%] Built target antidrone_turret
[1.815s] [ 87%] Built target antidrone_turret__py
[1.844s] [ 94%] Built target antidrone_turret__rosidl_generator_py
[1.870s] [ 98%] Built target antidrone_turret_s__rosidl_typesupport_c
[1.870s] [ 98%] Built target antidrone_turret_s__rosidl_typesupport_introspection_c
[1.870s] [100%] Built target antidrone_turret_s__rosidl_typesupport_fastrtps_c
[1.931s] running egg_info
[1.947s] writing antidrone_turret.egg-info/PKG-INFO
[1.947s] writing dependency_links to antidrone_turret.egg-info/dependency_links.txt
[1.947s] writing top-level names to antidrone_turret.egg-info/top_level.txt
[1.991s] reading manifest file 'antidrone_turret.egg-info/SOURCES.txt'
[1.991s] writing manifest file 'antidrone_turret.egg-info/SOURCES.txt'
[2.020s] [100%] Built target ament_cmake_python_build_antidrone_turret_egg
[2.034s] Invoked command in '/home/bmarkiv/CPPMILITARY/homework_13/robot_ws/build/antidrone_turret' returned '0': CMAKE_PREFIX_PATH=${CMAKE_PREFIX_PATH}:/opt/ros/jazzy DEBUGINFOD_URLS=https://debuginfod.ubuntu.com /usr/bin/cmake --build /home/bmarkiv/CPPMILITARY/homework_13/robot_ws/build/antidrone_turret -- -j16 -l16
[2.053s] Invoking command in '/home/bmarkiv/CPPMILITARY/homework_13/robot_ws/build/antidrone_turret': CMAKE_PREFIX_PATH=${CMAKE_PREFIX_PATH}:/opt/ros/jazzy DEBUGINFOD_URLS=https://debuginfod.ubuntu.com /usr/bin/cmake --install /home/bmarkiv/CPPMILITARY/homework_13/robot_ws/build/antidrone_turret
[2.074s] -- Install configuration: ""
[2.076s] -- Execute custom install script
[2.076s] -- Up-to-date symlink: /home/bmarkiv/CPPMILITARY/homework_13/robot_ws/install/antidrone_turret/share/ament_index/resource_index/rosidl_interfaces/antidrone_turret
[2.077s] -- Up-to-date symlink: /home/bmarkiv/CPPMILITARY/homework_13/robot_ws/install/antidrone_turret/share/antidrone_turret/msg/Target.json
[2.077s] -- Up-to-date symlink: /home/bmarkiv/CPPMILITARY/homework_13/robot_ws/install/antidrone_turret/share/antidrone_turret/msg/ActuatorStatus.json
[2.077s] -- Up-to-date symlink: /home/bmarkiv/CPPMILITARY/homework_13/robot_ws/install/antidrone_turret/share/antidrone_turret/msg/GimbalCommand.json
[2.077s] -- Up-to-date symlink: /home/bmarkiv/CPPMILITARY/homework_13/robot_ws/install/antidrone_turret/share/antidrone_turret/msg/ServoCommand.json
[2.078s] -- Up-to-date symlink: /home/bmarkiv/CPPMILITARY/homework_13/robot_ws/install/antidrone_turret/share/antidrone_turret/msg/TurretStatus.json
[2.078s] -- Up-to-date symlink: /home/bmarkiv/CPPMILITARY/homework_13/robot_ws/install/antidrone_turret/share/antidrone_turret/srv/TriggerActuator.json
[2.079s] -- Up-to-date symlink: /home/bmarkiv/CPPMILITARY/homework_13/robot_ws/install/antidrone_turret/include/antidrone_turret/antidrone_turret/msg/actuator_status.h
[2.080s] -- Up-to-date symlink: /home/bmarkiv/CPPMILITARY/homework_13/robot_ws/install/antidrone_turret/include/antidrone_turret/antidrone_turret/msg/detail/actuator_status__functions.h
[2.080s] -- Up-to-date symlink: /home/bmarkiv/CPPMILITARY/homework_13/robot_ws/install/antidrone_turret/include/antidrone_turret/antidrone_turret/msg/detail/actuator_status__struct.h
[2.081s] -- Up-to-date symlink: /home/bmarkiv/CPPMILITARY/homework_13/robot_ws/install/antidrone_turret/include/antidrone_turret/antidrone_turret/msg/detail/actuator_status__type_support.h
[2.083s] -- Up-to-date symlink: /home/bmarkiv/CPPMILITARY/homework_13/robot_ws/install/antidrone_turret/include/antidrone_turret/antidrone_turret/msg/detail/gimbal_command__functions.h
[2.083s] -- Up-to-date symlink: /home/bmarkiv/CPPMILITARY/homework_13/robot_ws/install/antidrone_turret/include/antidrone_turret/antidrone_turret/msg/detail/gimbal_command__struct.h
[2.084s] -- Up-to-date symlink: /home/bmarkiv/CPPMILITARY/homework_13/robot_ws/install/antidrone_turret/include/antidrone_turret/antidrone_turret/msg/detail/gimbal_command__type_support.h
[2.085s] -- Up-to-date symlink: /home/bmarkiv/CPPMILITARY/homework_13/robot_ws/install/antidrone_turret/include/antidrone_turret/antidrone_turret/msg/detail/servo_command__functions.h
[2.085s] -- Up-to-date symlink: /home/bmarkiv/CPPMILITARY/homework_13/robot_ws/install/antidrone_turret/include/antidrone_turret/antidrone_turret/msg/detail/servo_command__struct.h
[2.086s] -- Up-to-date symlink: /home/bmarkiv/CPPMILITARY/homework_13/robot_ws/install/antidrone_turret/include/antidrone_turret/antidrone_turret/msg/detail/servo_command__type_support.h
[2.086s] -- Up-to-date symlink: /home/bmarkiv/CPPMILITARY/homework_13/robot_ws/install/antidrone_turret/include/antidrone_turret/antidrone_turret/msg/detail/target__functions.h
[2.087s] -- Up-to-date symlink: /home/bmarkiv/CPPMILITARY/homework_13/robot_ws/install/antidrone_turret/include/antidrone_turret/antidrone_turret/msg/detail/target__struct.h
[2.087s] -- Up-to-date symlink: /home/bmarkiv/CPPMILITARY/homework_13/robot_ws/install/antidrone_turret/include/antidrone_turret/antidrone_turret/msg/detail/target__type_support.h
[2.087s] -- Up-to-date symlink: /home/bmarkiv/CPPMILITARY/homework_13/robot_ws/install/antidrone_turret/include/antidrone_turret/antidrone_turret/msg/detail/turret_status__functions.h
[2.087s] -- Up-to-date symlink: /home/bmarkiv/CPPMILITARY/homework_13/robot_ws/install/antidrone_turret/include/antidrone_turret/antidrone_turret/msg/detail/turret_status__struct.h
[2.088s] -- Up-to-date symlink: /home/bmarkiv/CPPMILITARY/homework_13/robot_ws/install/antidrone_turret/include/antidrone_turret/antidrone_turret/msg/detail/turret_status__type_support.h
[2.088s] -- Up-to-date symlink: /home/bmarkiv/CPPMILITARY/homework_13/robot_ws/install/antidrone_turret/include/antidrone_turret/antidrone_turret/msg/gimbal_command.h
[2.089s] -- Up-to-date symlink: /home/bmarkiv/CPPMILITARY/homework_13/robot_ws/install/antidrone_turret/include/antidrone_turret/antidrone_turret/msg/rosidl_generator_c__visibility_control.h
[2.090s] -- Up-to-date symlink: /home/bmarkiv/CPPMILITARY/homework_13/robot_ws/install/antidrone_turret/include/antidrone_turret/antidrone_turret/msg/servo_command.h
[2.091s] -- Up-to-date symlink: /home/bmarkiv/CPPMILITARY/homework_13/robot_ws/install/antidrone_turret/include/antidrone_turret/antidrone_turret/msg/target.h
[2.091s] -- Up-to-date symlink: /home/bmarkiv/CPPMILITARY/homework_13/robot_ws/install/antidrone_turret/include/antidrone_turret/antidrone_turret/msg/turret_status.h
[2.092s] -- Up-to-date symlink: /home/bmarkiv/CPPMILITARY/homework_13/robot_ws/install/antidrone_turret/include/antidrone_turret/antidrone_turret/srv/detail/trigger_actuator__functions.h
[2.092s] -- Up-to-date symlink: /home/bmarkiv/CPPMILITARY/homework_13/robot_ws/install/antidrone_turret/include/antidrone_turret/antidrone_turret/srv/detail/trigger_actuator__struct.h
[2.092s] -- Up-to-date symlink: /home/bmarkiv/CPPMILITARY/homework_13/robot_ws/install/antidrone_turret/include/antidrone_turret/antidrone_turret/srv/detail/trigger_actuator__type_support.h
[2.092s] -- Up-to-date symlink: /home/bmarkiv/CPPMILITARY/homework_13/robot_ws/install/antidrone_turret/include/antidrone_turret/antidrone_turret/srv/trigger_actuator.h
[2.093s] -- Up-to-date symlink: /home/bmarkiv/CPPMILITARY/homework_13/robot_ws/install/antidrone_turret/share/antidrone_turret/environment/library_path.sh
[2.093s] -- Up-to-date symlink: /home/bmarkiv/CPPMILITARY/homework_13/robot_ws/install/antidrone_turret/share/antidrone_turret/environment/library_path.dsv
[2.094s] -- Up-to-date symlink: /home/bmarkiv/CPPMILITARY/homework_13/robot_ws/install/antidrone_turret/include/antidrone_turret/antidrone_turret/msg/detail/actuator_status__rosidl_typesupport_fastrtps_c.h
[2.094s] -- Up-to-date symlink: /home/bmarkiv/CPPMILITARY/homework_13/robot_ws/install/antidrone_turret/include/antidrone_turret/antidrone_turret/msg/detail/gimbal_command__rosidl_typesupport_fastrtps_c.h
[2.095s] -- Up-to-date symlink: /home/bmarkiv/CPPMILITARY/homework_13/robot_ws/install/antidrone_turret/include/antidrone_turret/antidrone_turret/msg/detail/servo_command__rosidl_typesupport_fastrtps_c.h
[2.095s] -- Up-to-date symlink: /home/bmarkiv/CPPMILITARY/homework_13/robot_ws/install/antidrone_turret/include/antidrone_turret/antidrone_turret/msg/detail/target__rosidl_typesupport_fastrtps_c.h
[2.096s] -- Up-to-date symlink: /home/bmarkiv/CPPMILITARY/homework_13/robot_ws/install/antidrone_turret/include/antidrone_turret/antidrone_turret/msg/detail/turret_status__rosidl_typesupport_fastrtps_c.h
[2.096s] -- Up-to-date symlink: /home/bmarkiv/CPPMILITARY/homework_13/robot_ws/install/antidrone_turret/include/antidrone_turret/antidrone_turret/msg/rosidl_typesupport_fastrtps_c__visibility_control.h
[2.096s] -- Up-to-date symlink: /home/bmarkiv/CPPMILITARY/homework_13/robot_ws/install/antidrone_turret/include/antidrone_turret/antidrone_turret/srv/detail/trigger_actuator__rosidl_typesupport_fastrtps_c.h
[2.097s] -- Up-to-date symlink: /home/bmarkiv/CPPMILITARY/homework_13/robot_ws/install/antidrone_turret/include/antidrone_turret/antidrone_turret/msg/detail/actuator_status__rosidl_typesupport_introspection_c.h
[2.097s] -- Up-to-date symlink: /home/bmarkiv/CPPMILITARY/homework_13/robot_ws/install/antidrone_turret/include/antidrone_turret/antidrone_turret/msg/detail/gimbal_command__rosidl_typesupport_introspection_c.h
[2.097s] -- Up-to-date symlink: /home/bmarkiv/CPPMILITARY/homework_13/robot_ws/install/antidrone_turret/include/antidrone_turret/antidrone_turret/msg/detail/servo_command__rosidl_typesupport_introspection_c.h
[2.098s] -- Up-to-date symlink: /home/bmarkiv/CPPMILITARY/homework_13/robot_ws/install/antidrone_turret/include/antidrone_turret/antidrone_turret/msg/detail/target__rosidl_typesupport_introspection_c.h
[2.098s] -- Up-to-date symlink: /home/bmarkiv/CPPMILITARY/homework_13/robot_ws/install/antidrone_turret/include/antidrone_turret/antidrone_turret/msg/detail/turret_status__rosidl_typesupport_introspection_c.h
[2.098s] -- Up-to-date symlink: /home/bmarkiv/CPPMILITARY/homework_13/robot_ws/install/antidrone_turret/include/antidrone_turret/antidrone_turret/msg/rosidl_typesupport_introspection_c__visibility_control.h
[2.098s] -- Up-to-date symlink: /home/bmarkiv/CPPMILITARY/homework_13/robot_ws/install/antidrone_turret/include/antidrone_turret/antidrone_turret/srv/detail/trigger_actuator__rosidl_typesupport_introspection_c.h
[2.098s] -- Up-to-date symlink: /home/bmarkiv/CPPMILITARY/homework_13/robot_ws/install/antidrone_turret/include/antidrone_turret/antidrone_turret/msg/actuator_status.hpp
[2.099s] -- Up-to-date symlink: /home/bmarkiv/CPPMILITARY/homework_13/robot_ws/install/antidrone_turret/include/antidrone_turret/antidrone_turret/msg/detail/actuator_status__builder.hpp
[2.099s] -- Up-to-date symlink: /home/bmarkiv/CPPMILITARY/homework_13/robot_ws/install/antidrone_turret/include/antidrone_turret/antidrone_turret/msg/detail/actuator_status__struct.hpp
[2.099s] -- Up-to-date symlink: /home/bmarkiv/CPPMILITARY/homework_13/robot_ws/install/antidrone_turret/include/antidrone_turret/antidrone_turret/msg/detail/actuator_status__traits.hpp
[2.099s] -- Up-to-date symlink: /home/bmarkiv/CPPMILITARY/homework_13/robot_ws/install/antidrone_turret/include/antidrone_turret/antidrone_turret/msg/detail/actuator_status__type_support.hpp
[2.100s] -- Up-to-date symlink: /home/bmarkiv/CPPMILITARY/homework_13/robot_ws/install/antidrone_turret/include/antidrone_turret/antidrone_turret/msg/detail/gimbal_command__builder.hpp
[2.100s] -- Up-to-date symlink: /home/bmarkiv/CPPMILITARY/homework_13/robot_ws/install/antidrone_turret/include/antidrone_turret/antidrone_turret/msg/detail/gimbal_command__struct.hpp
[2.100s] -- Up-to-date symlink: /home/bmarkiv/CPPMILITARY/homework_13/robot_ws/install/antidrone_turret/include/antidrone_turret/antidrone_turret/msg/detail/gimbal_command__traits.hpp
[2.101s] -- Up-to-date symlink: /home/bmarkiv/CPPMILITARY/homework_13/robot_ws/install/antidrone_turret/include/antidrone_turret/antidrone_turret/msg/detail/gimbal_command__type_support.hpp
[2.101s] -- Up-to-date symlink: /home/bmarkiv/CPPMILITARY/homework_13/robot_ws/install/antidrone_turret/include/antidrone_turret/antidrone_turret/msg/detail/servo_command__builder.hpp
[2.101s] -- Up-to-date symlink: /home/bmarkiv/CPPMILITARY/homework_13/robot_ws/install/antidrone_turret/include/antidrone_turret/antidrone_turret/msg/detail/servo_command__struct.hpp
[2.101s] -- Up-to-date symlink: /home/bmarkiv/CPPMILITARY/homework_13/robot_ws/install/antidrone_turret/include/antidrone_turret/antidrone_turret/msg/detail/servo_command__traits.hpp
[2.101s] -- Up-to-date symlink: /home/bmarkiv/CPPMILITARY/homework_13/robot_ws/install/antidrone_turret/include/antidrone_turret/antidrone_turret/msg/detail/servo_command__type_support.hpp
[2.101s] -- Up-to-date symlink: /home/bmarkiv/CPPMILITARY/homework_13/robot_ws/install/antidrone_turret/include/antidrone_turret/antidrone_turret/msg/detail/target__builder.hpp
[2.102s] -- Up-to-date symlink: /home/bmarkiv/CPPMILITARY/homework_13/robot_ws/install/antidrone_turret/include/antidrone_turret/antidrone_turret/msg/detail/target__struct.hpp
[2.102s] -- Up-to-date symlink: /home/bmarkiv/CPPMILITARY/homework_13/robot_ws/install/antidrone_turret/include/antidrone_turret/antidrone_turret/msg/detail/target__traits.hpp
[2.102s] -- Up-to-date symlink: /home/bmarkiv/CPPMILITARY/homework_13/robot_ws/install/antidrone_turret/include/antidrone_turret/antidrone_turret/msg/detail/target__type_support.hpp
[2.102s] -- Up-to-date symlink: /home/bmarkiv/CPPMILITARY/homework_13/robot_ws/install/antidrone_turret/include/antidrone_turret/antidrone_turret/msg/detail/turret_status__builder.hpp
[2.102s] -- Up-to-date symlink: /home/bmarkiv/CPPMILITARY/homework_13/robot_ws/install/antidrone_turret/include/antidrone_turret/antidrone_turret/msg/detail/turret_status__struct.hpp
[2.103s] -- Up-to-date symlink: /home/bmarkiv/CPPMILITARY/homework_13/robot_ws/install/antidrone_turret/include/antidrone_turret/antidrone_turret/msg/detail/turret_status__traits.hpp
[2.103s] -- Up-to-date symlink: /home/bmarkiv/CPPMILITARY/homework_13/robot_ws/install/antidrone_turret/include/antidrone_turret/antidrone_turret/msg/detail/turret_status__type_support.hpp
[2.103s] -- Up-to-date symlink: /home/bmarkiv/CPPMILITARY/homework_13/robot_ws/install/antidrone_turret/include/antidrone_turret/antidrone_turret/msg/gimbal_command.hpp
[2.104s] -- Up-to-date symlink: /home/bmarkiv/CPPMILITARY/homework_13/robot_ws/install/antidrone_turret/include/antidrone_turret/antidrone_turret/msg/rosidl_generator_cpp__visibility_control.hpp
[2.104s] -- Up-to-date symlink: /home/bmarkiv/CPPMILITARY/homework_13/robot_ws/install/antidrone_turret/include/antidrone_turret/antidrone_turret/msg/servo_command.hpp
[2.104s] -- Up-to-date symlink: /home/bmarkiv/CPPMILITARY/homework_13/robot_ws/install/antidrone_turret/include/antidrone_turret/antidrone_turret/msg/target.hpp
[2.104s] -- Up-to-date symlink: /home/bmarkiv/CPPMILITARY/homework_13/robot_ws/install/antidrone_turret/include/antidrone_turret/antidrone_turret/msg/turret_status.hpp
[2.105s] -- Up-to-date symlink: /home/bmarkiv/CPPMILITARY/homework_13/robot_ws/install/antidrone_turret/include/antidrone_turret/antidrone_turret/srv/detail/trigger_actuator__builder.hpp
[2.105s] -- Up-to-date symlink: /home/bmarkiv/CPPMILITARY/homework_13/robot_ws/install/antidrone_turret/include/antidrone_turret/antidrone_turret/srv/detail/trigger_actuator__struct.hpp
[2.105s] -- Up-to-date symlink: /home/bmarkiv/CPPMILITARY/homework_13/robot_ws/install/antidrone_turret/include/antidrone_turret/antidrone_turret/srv/detail/trigger_actuator__traits.hpp
[2.105s] -- Up-to-date symlink: /home/bmarkiv/CPPMILITARY/homework_13/robot_ws/install/antidrone_turret/include/antidrone_turret/antidrone_turret/srv/detail/trigger_actuator__type_support.hpp
[2.105s] -- Up-to-date symlink: /home/bmarkiv/CPPMILITARY/homework_13/robot_ws/install/antidrone_turret/include/antidrone_turret/antidrone_turret/srv/trigger_actuator.hpp
[2.105s] -- Up-to-date symlink: /home/bmarkiv/CPPMILITARY/homework_13/robot_ws/install/antidrone_turret/include/antidrone_turret/antidrone_turret/msg/detail/actuator_status__rosidl_typesupport_fastrtps_cpp.hpp
[2.106s] -- Up-to-date symlink: /home/bmarkiv/CPPMILITARY/homework_13/robot_ws/install/antidrone_turret/include/antidrone_turret/antidrone_turret/msg/detail/gimbal_command__rosidl_typesupport_fastrtps_cpp.hpp
[2.106s] -- Up-to-date symlink: /home/bmarkiv/CPPMILITARY/homework_13/robot_ws/install/antidrone_turret/include/antidrone_turret/antidrone_turret/msg/detail/servo_command__rosidl_typesupport_fastrtps_cpp.hpp
[2.106s] -- Up-to-date symlink: /home/bmarkiv/CPPMILITARY/homework_13/robot_ws/install/antidrone_turret/include/antidrone_turret/antidrone_turret/msg/detail/target__rosidl_typesupport_fastrtps_cpp.hpp
[2.106s] -- Up-to-date symlink: /home/bmarkiv/CPPMILITARY/homework_13/robot_ws/install/antidrone_turret/include/antidrone_turret/antidrone_turret/msg/detail/turret_status__rosidl_typesupport_fastrtps_cpp.hpp
[2.106s] -- Up-to-date symlink: /home/bmarkiv/CPPMILITARY/homework_13/robot_ws/install/antidrone_turret/include/antidrone_turret/antidrone_turret/msg/rosidl_typesupport_fastrtps_cpp__visibility_control.h
[2.106s] -- Up-to-date symlink: /home/bmarkiv/CPPMILITARY/homework_13/robot_ws/install/antidrone_turret/include/antidrone_turret/antidrone_turret/srv/detail/trigger_actuator__rosidl_typesupport_fastrtps_cpp.hpp
[2.107s] -- Up-to-date symlink: /home/bmarkiv/CPPMILITARY/homework_13/robot_ws/install/antidrone_turret/include/antidrone_turret/antidrone_turret/msg/detail/actuator_status__rosidl_typesupport_introspection_cpp.hpp
[2.107s] -- Up-to-date symlink: /home/bmarkiv/CPPMILITARY/homework_13/robot_ws/install/antidrone_turret/include/antidrone_turret/antidrone_turret/msg/detail/gimbal_command__rosidl_typesupport_introspection_cpp.hpp
[2.107s] -- Up-to-date symlink: /home/bmarkiv/CPPMILITARY/homework_13/robot_ws/install/antidrone_turret/include/antidrone_turret/antidrone_turret/msg/detail/servo_command__rosidl_typesupport_introspection_cpp.hpp
[2.107s] -- Up-to-date symlink: /home/bmarkiv/CPPMILITARY/homework_13/robot_ws/install/antidrone_turret/include/antidrone_turret/antidrone_turret/msg/detail/target__rosidl_typesupport_introspection_cpp.hpp
[2.107s] -- Up-to-date symlink: /home/bmarkiv/CPPMILITARY/homework_13/robot_ws/install/antidrone_turret/include/antidrone_turret/antidrone_turret/msg/detail/turret_status__rosidl_typesupport_introspection_cpp.hpp
[2.107s] -- Up-to-date symlink: /home/bmarkiv/CPPMILITARY/homework_13/robot_ws/install/antidrone_turret/include/antidrone_turret/antidrone_turret/srv/detail/trigger_actuator__rosidl_typesupport_introspection_cpp.hpp
[2.107s] -- Up-to-date symlink: /home/bmarkiv/CPPMILITARY/homework_13/robot_ws/install/antidrone_turret/share/antidrone_turret/environment/pythonpath.sh
[2.107s] -- Up-to-date symlink: /home/bmarkiv/CPPMILITARY/homework_13/robot_ws/install/antidrone_turret/share/antidrone_turret/environment/pythonpath.dsv
[2.107s] -- Up-to-date symlink: /home/bmarkiv/CPPMILITARY/homework_13/robot_ws/install/antidrone_turret/lib/python3.12/site-packages/antidrone_turret-0.1.0-py3.12.egg-info/PKG-INFO
[2.108s] -- Up-to-date symlink: /home/bmarkiv/CPPMILITARY/homework_13/robot_ws/install/antidrone_turret/lib/python3.12/site-packages/antidrone_turret-0.1.0-py3.12.egg-info/SOURCES.txt
[2.108s] -- Up-to-date symlink: /home/bmarkiv/CPPMILITARY/homework_13/robot_ws/install/antidrone_turret/lib/python3.12/site-packages/antidrone_turret-0.1.0-py3.12.egg-info/dependency_links.txt
[2.108s] -- Up-to-date symlink: /home/bmarkiv/CPPMILITARY/homework_13/robot_ws/install/antidrone_turret/lib/python3.12/site-packages/antidrone_turret-0.1.0-py3.12.egg-info/top_level.txt
[2.108s] -- Up-to-date symlink: /home/bmarkiv/CPPMILITARY/homework_13/robot_ws/install/antidrone_turret/lib/python3.12/site-packages/antidrone_turret/__init__.py
[2.108s] -- Up-to-date symlink: /home/bmarkiv/CPPMILITARY/homework_13/robot_ws/install/antidrone_turret/lib/python3.12/site-packages/antidrone_turret/_antidrone_turret_s.ep.rosidl_typesupport_c.c
[2.108s] -- Up-to-date symlink: /home/bmarkiv/CPPMILITARY/homework_13/robot_ws/install/antidrone_turret/lib/python3.12/site-packages/antidrone_turret/_antidrone_turret_s.ep.rosidl_typesupport_fastrtps_c.c
[2.108s] -- Up-to-date symlink: /home/bmarkiv/CPPMILITARY/homework_13/robot_ws/install/antidrone_turret/lib/python3.12/site-packages/antidrone_turret/_antidrone_turret_s.ep.rosidl_typesupport_introspection_c.c
[2.108s] -- Up-to-date symlink: /home/bmarkiv/CPPMILITARY/homework_13/robot_ws/install/antidrone_turret/lib/python3.12/site-packages/antidrone_turret/antidrone_turret_s__rosidl_typesupport_c.so
[2.108s] -- Up-to-date symlink: /home/bmarkiv/CPPMILITARY/homework_13/robot_ws/install/antidrone_turret/lib/python3.12/site-packages/antidrone_turret/antidrone_turret_s__rosidl_typesupport_fastrtps_c.so
[2.108s] -- Up-to-date symlink: /home/bmarkiv/CPPMILITARY/homework_13/robot_ws/install/antidrone_turret/lib/python3.12/site-packages/antidrone_turret/antidrone_turret_s__rosidl_typesupport_introspection_c.so
[2.108s] -- Up-to-date symlink: /home/bmarkiv/CPPMILITARY/homework_13/robot_ws/install/antidrone_turret/lib/python3.12/site-packages/antidrone_turret/msg/__init__.py
[2.109s] -- Up-to-date symlink: /home/bmarkiv/CPPMILITARY/homework_13/robot_ws/install/antidrone_turret/lib/python3.12/site-packages/antidrone_turret/msg/_actuator_status.py
[2.109s] -- Up-to-date symlink: /home/bmarkiv/CPPMILITARY/homework_13/robot_ws/install/antidrone_turret/lib/python3.12/site-packages/antidrone_turret/msg/_actuator_status_s.c
[2.109s] -- Up-to-date symlink: /home/bmarkiv/CPPMILITARY/homework_13/robot_ws/install/antidrone_turret/lib/python3.12/site-packages/antidrone_turret/msg/_gimbal_command.py
[2.109s] -- Up-to-date symlink: /home/bmarkiv/CPPMILITARY/homework_13/robot_ws/install/antidrone_turret/lib/python3.12/site-packages/antidrone_turret/msg/_gimbal_command_s.c
[2.109s] -- Up-to-date symlink: /home/bmarkiv/CPPMILITARY/homework_13/robot_ws/install/antidrone_turret/lib/python3.12/site-packages/antidrone_turret/msg/_servo_command.py
[2.109s] -- Up-to-date symlink: /home/bmarkiv/CPPMILITARY/homework_13/robot_ws/install/antidrone_turret/lib/python3.12/site-packages/antidrone_turret/msg/_servo_command_s.c
[2.109s] -- Up-to-date symlink: /home/bmarkiv/CPPMILITARY/homework_13/robot_ws/install/antidrone_turret/lib/python3.12/site-packages/antidrone_turret/msg/_target.py
[2.109s] -- Up-to-date symlink: /home/bmarkiv/CPPMILITARY/homework_13/robot_ws/install/antidrone_turret/lib/python3.12/site-packages/antidrone_turret/msg/_target_s.c
[2.109s] -- Up-to-date symlink: /home/bmarkiv/CPPMILITARY/homework_13/robot_ws/install/antidrone_turret/lib/python3.12/site-packages/antidrone_turret/msg/_turret_status.py
[2.109s] -- Up-to-date symlink: /home/bmarkiv/CPPMILITARY/homework_13/robot_ws/install/antidrone_turret/lib/python3.12/site-packages/antidrone_turret/msg/_turret_status_s.c
[2.109s] -- Up-to-date symlink: /home/bmarkiv/CPPMILITARY/homework_13/robot_ws/install/antidrone_turret/lib/python3.12/site-packages/antidrone_turret/srv/__init__.py
[2.109s] -- Up-to-date symlink: /home/bmarkiv/CPPMILITARY/homework_13/robot_ws/install/antidrone_turret/lib/python3.12/site-packages/antidrone_turret/srv/_trigger_actuator.py
[2.109s] -- Up-to-date symlink: /home/bmarkiv/CPPMILITARY/homework_13/robot_ws/install/antidrone_turret/lib/python3.12/site-packages/antidrone_turret/srv/_trigger_actuator_s.c
[2.109s] -- Up-to-date symlink: /home/bmarkiv/CPPMILITARY/homework_13/robot_ws/install/antidrone_turret/lib/python3.12/site-packages/antidrone_turret/antidrone_turret_s__rosidl_typesupport_fastrtps_c.so
[2.110s] -- Up-to-date symlink: /home/bmarkiv/CPPMILITARY/homework_13/robot_ws/install/antidrone_turret/lib/python3.12/site-packages/antidrone_turret/antidrone_turret_s__rosidl_typesupport_introspection_c.so
[2.110s] -- Up-to-date symlink: /home/bmarkiv/CPPMILITARY/homework_13/robot_ws/install/antidrone_turret/lib/python3.12/site-packages/antidrone_turret/antidrone_turret_s__rosidl_typesupport_c.so
[2.110s] -- Up-to-date symlink: /home/bmarkiv/CPPMILITARY/homework_13/robot_ws/install/antidrone_turret/share/ament_index/resource_index/rust_packages/antidrone_turret
[2.111s] -- Up-to-date symlink: /home/bmarkiv/CPPMILITARY/homework_13/robot_ws/install/antidrone_turret/share/antidrone_turret/rust/Cargo.toml
[2.111s] -- Up-to-date symlink: /home/bmarkiv/CPPMILITARY/homework_13/robot_ws/install/antidrone_turret/share/antidrone_turret/rust/build.rs
[2.111s] -- Up-to-date symlink: /home/bmarkiv/CPPMILITARY/homework_13/robot_ws/install/antidrone_turret/share/antidrone_turret/rust/src/lib.rs
[2.111s] -- Up-to-date symlink: /home/bmarkiv/CPPMILITARY/homework_13/robot_ws/install/antidrone_turret/share/antidrone_turret/rust/src/msg.rs
[2.111s] -- Up-to-date symlink: /home/bmarkiv/CPPMILITARY/homework_13/robot_ws/install/antidrone_turret/share/antidrone_turret/rust/src/msg/rmw.rs
[2.111s] -- Up-to-date symlink: /home/bmarkiv/CPPMILITARY/homework_13/robot_ws/install/antidrone_turret/share/antidrone_turret/rust/src/srv.rs
[2.111s] -- Up-to-date symlink: /home/bmarkiv/CPPMILITARY/homework_13/robot_ws/install/antidrone_turret/share/antidrone_turret/rust/src/srv/rmw.rs
[2.111s] -- Up-to-date symlink: /home/bmarkiv/CPPMILITARY/homework_13/robot_ws/install/antidrone_turret/share/antidrone_turret/msg/Target.idl
[2.112s] -- Up-to-date symlink: /home/bmarkiv/CPPMILITARY/homework_13/robot_ws/install/antidrone_turret/share/antidrone_turret/msg/ActuatorStatus.idl
[2.112s] -- Up-to-date symlink: /home/bmarkiv/CPPMILITARY/homework_13/robot_ws/install/antidrone_turret/share/antidrone_turret/msg/GimbalCommand.idl
[2.112s] -- Up-to-date symlink: /home/bmarkiv/CPPMILITARY/homework_13/robot_ws/install/antidrone_turret/share/antidrone_turret/msg/ServoCommand.idl
[2.112s] -- Up-to-date symlink: /home/bmarkiv/CPPMILITARY/homework_13/robot_ws/install/antidrone_turret/share/antidrone_turret/msg/TurretStatus.idl
[2.112s] -- Up-to-date symlink: /home/bmarkiv/CPPMILITARY/homework_13/robot_ws/install/antidrone_turret/share/antidrone_turret/srv/TriggerActuator.idl
[2.112s] -- Up-to-date symlink: /home/bmarkiv/CPPMILITARY/homework_13/robot_ws/install/antidrone_turret/share/antidrone_turret/msg/Target.msg
[2.112s] -- Up-to-date symlink: /home/bmarkiv/CPPMILITARY/homework_13/robot_ws/install/antidrone_turret/share/antidrone_turret/msg/ActuatorStatus.msg
[2.112s] -- Up-to-date symlink: /home/bmarkiv/CPPMILITARY/homework_13/robot_ws/install/antidrone_turret/share/antidrone_turret/msg/GimbalCommand.msg
[2.112s] -- Up-to-date symlink: /home/bmarkiv/CPPMILITARY/homework_13/robot_ws/install/antidrone_turret/share/antidrone_turret/msg/ServoCommand.msg
[2.112s] -- Up-to-date symlink: /home/bmarkiv/CPPMILITARY/homework_13/robot_ws/install/antidrone_turret/share/antidrone_turret/msg/TurretStatus.msg
[2.112s] -- Up-to-date symlink: /home/bmarkiv/CPPMILITARY/homework_13/robot_ws/install/antidrone_turret/share/antidrone_turret/srv/TriggerActuator.srv
[2.112s] -- Up-to-date symlink: /home/bmarkiv/CPPMILITARY/homework_13/robot_ws/install/antidrone_turret/include/antidrone_turret/antidrone_turret/actuator_model.hpp
[2.112s] -- Up-to-date symlink: /home/bmarkiv/CPPMILITARY/homework_13/robot_ws/install/antidrone_turret/include/antidrone_turret/antidrone_turret/target_sequence.hpp
[2.112s] -- Up-to-date symlink: /home/bmarkiv/CPPMILITARY/homework_13/robot_ws/install/antidrone_turret/include/antidrone_turret/antidrone_turret/target_track_loader.hpp
[2.113s] -- Up-to-date symlink: /home/bmarkiv/CPPMILITARY/homework_13/robot_ws/install/antidrone_turret/include/antidrone_turret/antidrone_turret/target_track_simulation.hpp
[2.113s] -- Up-to-date symlink: /home/bmarkiv/CPPMILITARY/homework_13/robot_ws/install/antidrone_turret/include/antidrone_turret/antidrone_turret/turret_logic.hpp
[2.113s] -- Up-to-date symlink: /home/bmarkiv/CPPMILITARY/homework_13/robot_ws/install/antidrone_turret/lib/antidrone_turret/target_track_publisher_node
[2.113s] -- Up-to-date symlink: /home/bmarkiv/CPPMILITARY/homework_13/robot_ws/install/antidrone_turret/lib/antidrone_turret/actuator_node
[2.113s] -- Up-to-date symlink: /home/bmarkiv/CPPMILITARY/homework_13/robot_ws/install/antidrone_turret/lib/antidrone_turret/turret_controller_node
[2.113s] -- Symlinking: /home/bmarkiv/CPPMILITARY/homework_13/robot_ws/install/antidrone_turret/lib/antidrone_turret/gimbal_driver_node
[2.117s] -- Symlinking: /home/bmarkiv/CPPMILITARY/homework_13/robot_ws/install/antidrone_turret/lib/antidrone_turret/yaw_servo_driver_node
[2.126s] -- Up-to-date symlink: /home/bmarkiv/CPPMILITARY/homework_13/robot_ws/install/antidrone_turret/share/antidrone_turret/launch/system.launch.py
[2.126s] -- Up-to-date symlink: /home/bmarkiv/CPPMILITARY/homework_13/robot_ws/install/antidrone_turret/share/antidrone_turret/config/sequence.yaml
[2.126s] -- Up-to-date symlink: /home/bmarkiv/CPPMILITARY/homework_13/robot_ws/install/antidrone_turret/share/antidrone_turret/tracks/approach_trigger.csv
[2.127s] -- Up-to-date symlink: /home/bmarkiv/CPPMILITARY/homework_13/robot_ws/install/antidrone_turret/share/antidrone_turret/tracks/far_flyby_no_trigger.csv
[2.127s] -- Up-to-date symlink: /home/bmarkiv/CPPMILITARY/homework_13/robot_ws/install/antidrone_turret/share/antidrone_turret/tracks/low_confidence_no_trigger.csv
[2.127s] -- Up-to-date symlink: /home/bmarkiv/CPPMILITARY/homework_13/robot_ws/install/antidrone_turret/share/antidrone_turret/tracks/reload_pressure.csv
[2.127s] -- Up-to-date symlink: /home/bmarkiv/CPPMILITARY/homework_13/robot_ws/install/antidrone_turret/share/ament_index/resource_index/package_run_dependencies/antidrone_turret
[2.128s] -- Up-to-date symlink: /home/bmarkiv/CPPMILITARY/homework_13/robot_ws/install/antidrone_turret/share/ament_index/resource_index/parent_prefix_path/antidrone_turret
[2.128s] -- Up-to-date symlink: /home/bmarkiv/CPPMILITARY/homework_13/robot_ws/install/antidrone_turret/share/antidrone_turret/environment/ament_prefix_path.sh
[2.128s] -- Up-to-date symlink: /home/bmarkiv/CPPMILITARY/homework_13/robot_ws/install/antidrone_turret/share/antidrone_turret/environment/ament_prefix_path.dsv
[2.128s] -- Up-to-date symlink: /home/bmarkiv/CPPMILITARY/homework_13/robot_ws/install/antidrone_turret/share/antidrone_turret/environment/path.sh
[2.129s] -- Up-to-date symlink: /home/bmarkiv/CPPMILITARY/homework_13/robot_ws/install/antidrone_turret/share/antidrone_turret/environment/path.dsv
[2.129s] -- Up-to-date symlink: /home/bmarkiv/CPPMILITARY/homework_13/robot_ws/install/antidrone_turret/share/antidrone_turret/local_setup.bash
[2.129s] -- Up-to-date symlink: /home/bmarkiv/CPPMILITARY/homework_13/robot_ws/install/antidrone_turret/share/antidrone_turret/local_setup.sh
[2.129s] -- Up-to-date symlink: /home/bmarkiv/CPPMILITARY/homework_13/robot_ws/install/antidrone_turret/share/antidrone_turret/local_setup.zsh
[2.129s] -- Up-to-date symlink: /home/bmarkiv/CPPMILITARY/homework_13/robot_ws/install/antidrone_turret/share/antidrone_turret/local_setup.dsv
[2.129s] -- Symlinking: /home/bmarkiv/CPPMILITARY/homework_13/robot_ws/install/antidrone_turret/share/antidrone_turret/package.dsv
[2.138s] -- Up-to-date symlink: /home/bmarkiv/CPPMILITARY/homework_13/robot_ws/install/antidrone_turret/share/ament_index/resource_index/packages/antidrone_turret
[2.139s] -- Up-to-date symlink: /home/bmarkiv/CPPMILITARY/homework_13/robot_ws/install/antidrone_turret/share/antidrone_turret/cmake/rosidl_cmake-extras.cmake
[2.139s] -- Up-to-date symlink: /home/bmarkiv/CPPMILITARY/homework_13/robot_ws/install/antidrone_turret/share/antidrone_turret/cmake/ament_cmake_export_dependencies-extras.cmake
[2.139s] -- Up-to-date symlink: /home/bmarkiv/CPPMILITARY/homework_13/robot_ws/install/antidrone_turret/share/antidrone_turret/cmake/ament_cmake_export_include_directories-extras.cmake
[2.140s] -- Up-to-date symlink: /home/bmarkiv/CPPMILITARY/homework_13/robot_ws/install/antidrone_turret/share/antidrone_turret/cmake/ament_cmake_export_libraries-extras.cmake
[2.140s] -- Up-to-date symlink: /home/bmarkiv/CPPMILITARY/homework_13/robot_ws/install/antidrone_turret/share/antidrone_turret/cmake/ament_cmake_export_targets-extras.cmake
[2.140s] -- Up-to-date symlink: /home/bmarkiv/CPPMILITARY/homework_13/robot_ws/install/antidrone_turret/share/antidrone_turret/cmake/rosidl_cmake_export_typesupport_targets-extras.cmake
[2.141s] -- Up-to-date symlink: /home/bmarkiv/CPPMILITARY/homework_13/robot_ws/install/antidrone_turret/share/antidrone_turret/cmake/rosidl_cmake_export_typesupport_libraries-extras.cmake
[2.141s] -- Up-to-date symlink: /home/bmarkiv/CPPMILITARY/homework_13/robot_ws/install/antidrone_turret/share/antidrone_turret/cmake/rosidl_cmake_aggregate_target-extras.cmake
[2.141s] -- Up-to-date symlink: /home/bmarkiv/CPPMILITARY/homework_13/robot_ws/install/antidrone_turret/share/antidrone_turret/cmake/antidrone_turretConfig.cmake
[2.141s] -- Up-to-date symlink: /home/bmarkiv/CPPMILITARY/homework_13/robot_ws/install/antidrone_turret/share/antidrone_turret/cmake/antidrone_turretConfig-version.cmake
[2.141s] -- Up-to-date symlink: /home/bmarkiv/CPPMILITARY/homework_13/robot_ws/install/antidrone_turret/share/antidrone_turret/package.xml
[2.141s] -- Up-to-date: /home/bmarkiv/CPPMILITARY/homework_13/robot_ws/install/antidrone_turret/lib/libantidrone_turret__rosidl_generator_c.so
[2.142s] -- Up-to-date: /home/bmarkiv/CPPMILITARY/homework_13/robot_ws/install/antidrone_turret/lib/libantidrone_turret__rosidl_typesupport_fastrtps_c.so
[2.142s] -- Up-to-date: /home/bmarkiv/CPPMILITARY/homework_13/robot_ws/install/antidrone_turret/lib/libantidrone_turret__rosidl_typesupport_introspection_c.so
[2.142s] -- Up-to-date: /home/bmarkiv/CPPMILITARY/homework_13/robot_ws/install/antidrone_turret/lib/libantidrone_turret__rosidl_typesupport_c.so
[2.142s] -- Up-to-date: /home/bmarkiv/CPPMILITARY/homework_13/robot_ws/install/antidrone_turret/lib/libantidrone_turret__rosidl_typesupport_fastrtps_cpp.so
[2.142s] -- Up-to-date: /home/bmarkiv/CPPMILITARY/homework_13/robot_ws/install/antidrone_turret/lib/libantidrone_turret__rosidl_typesupport_introspection_cpp.so
[2.142s] -- Up-to-date: /home/bmarkiv/CPPMILITARY/homework_13/robot_ws/install/antidrone_turret/lib/libantidrone_turret__rosidl_typesupport_cpp.so
[2.179s] Listing '/home/bmarkiv/CPPMILITARY/homework_13/robot_ws/install/antidrone_turret/lib/python3.12/site-packages/antidrone_turret'...
[2.179s] Compiling '/home/bmarkiv/CPPMILITARY/homework_13/robot_ws/install/antidrone_turret/lib/python3.12/site-packages/antidrone_turret/__init__.py'...
[2.179s] Listing '/home/bmarkiv/CPPMILITARY/homework_13/robot_ws/install/antidrone_turret/lib/python3.12/site-packages/antidrone_turret/msg'...
[2.180s] Listing '/home/bmarkiv/CPPMILITARY/homework_13/robot_ws/install/antidrone_turret/lib/python3.12/site-packages/antidrone_turret/srv'...
[2.186s] -- Up-to-date: /home/bmarkiv/CPPMILITARY/homework_13/robot_ws/install/antidrone_turret/lib/libantidrone_turret__rosidl_generator_py.so
[2.186s] -- Up-to-date: /home/bmarkiv/CPPMILITARY/homework_13/robot_ws/install/antidrone_turret/share/antidrone_turret/cmake/export_antidrone_turret__rosidl_generator_cExport.cmake
[2.186s] -- Up-to-date: /home/bmarkiv/CPPMILITARY/homework_13/robot_ws/install/antidrone_turret/share/antidrone_turret/cmake/export_antidrone_turret__rosidl_generator_cExport-noconfig.cmake
[2.187s] -- Up-to-date: /home/bmarkiv/CPPMILITARY/homework_13/robot_ws/install/antidrone_turret/share/antidrone_turret/cmake/export_antidrone_turret__rosidl_typesupport_fastrtps_cExport.cmake
[2.187s] -- Up-to-date: /home/bmarkiv/CPPMILITARY/homework_13/robot_ws/install/antidrone_turret/share/antidrone_turret/cmake/export_antidrone_turret__rosidl_typesupport_fastrtps_cExport-noconfig.cmake
[2.187s] -- Up-to-date: /home/bmarkiv/CPPMILITARY/homework_13/robot_ws/install/antidrone_turret/share/antidrone_turret/cmake/antidrone_turret__rosidl_typesupport_introspection_cExport.cmake
[2.187s] -- Up-to-date: /home/bmarkiv/CPPMILITARY/homework_13/robot_ws/install/antidrone_turret/share/antidrone_turret/cmake/antidrone_turret__rosidl_typesupport_introspection_cExport-noconfig.cmake
[2.187s] -- Up-to-date: /home/bmarkiv/CPPMILITARY/homework_13/robot_ws/install/antidrone_turret/share/antidrone_turret/cmake/antidrone_turret__rosidl_typesupport_cExport.cmake
[2.187s] -- Up-to-date: /home/bmarkiv/CPPMILITARY/homework_13/robot_ws/install/antidrone_turret/share/antidrone_turret/cmake/antidrone_turret__rosidl_typesupport_cExport-noconfig.cmake
[2.187s] -- Up-to-date: /home/bmarkiv/CPPMILITARY/homework_13/robot_ws/install/antidrone_turret/share/antidrone_turret/cmake/export_antidrone_turret__rosidl_generator_cppExport.cmake
[2.187s] -- Up-to-date: /home/bmarkiv/CPPMILITARY/homework_13/robot_ws/install/antidrone_turret/share/antidrone_turret/cmake/export_antidrone_turret__rosidl_typesupport_fastrtps_cppExport.cmake
[2.188s] -- Up-to-date: /home/bmarkiv/CPPMILITARY/homework_13/robot_ws/install/antidrone_turret/share/antidrone_turret/cmake/export_antidrone_turret__rosidl_typesupport_fastrtps_cppExport-noconfig.cmake
[2.188s] -- Up-to-date: /home/bmarkiv/CPPMILITARY/homework_13/robot_ws/install/antidrone_turret/share/antidrone_turret/cmake/antidrone_turret__rosidl_typesupport_introspection_cppExport.cmake
[2.188s] -- Up-to-date: /home/bmarkiv/CPPMILITARY/homework_13/robot_ws/install/antidrone_turret/share/antidrone_turret/cmake/antidrone_turret__rosidl_typesupport_introspection_cppExport-noconfig.cmake
[2.188s] -- Up-to-date: /home/bmarkiv/CPPMILITARY/homework_13/robot_ws/install/antidrone_turret/share/antidrone_turret/cmake/antidrone_turret__rosidl_typesupport_cppExport.cmake
[2.188s] -- Up-to-date: /home/bmarkiv/CPPMILITARY/homework_13/robot_ws/install/antidrone_turret/share/antidrone_turret/cmake/antidrone_turret__rosidl_typesupport_cppExport-noconfig.cmake
[2.188s] -- Up-to-date: /home/bmarkiv/CPPMILITARY/homework_13/robot_ws/install/antidrone_turret/share/antidrone_turret/cmake/export_antidrone_turret__rosidl_generator_pyExport.cmake
[2.188s] -- Up-to-date: /home/bmarkiv/CPPMILITARY/homework_13/robot_ws/install/antidrone_turret/share/antidrone_turret/cmake/export_antidrone_turret__rosidl_generator_pyExport-noconfig.cmake
[2.189s] Invoked command in '/home/bmarkiv/CPPMILITARY/homework_13/robot_ws/build/antidrone_turret' returned '0': CMAKE_PREFIX_PATH=${CMAKE_PREFIX_PATH}:/opt/ros/jazzy DEBUGINFOD_URLS=https://debuginfod.ubuntu.com /usr/bin/cmake --install /home/bmarkiv/CPPMILITARY/homework_13/robot_ws/build/antidrone_turret
